
===========================================================================
 report_power
============================================================================
======================= Fastest Corner ===================================

Group                  Internal  Switching    Leakage      Total
                          Power      Power      Power      Power (Watts)
----------------------------------------------------------------
Sequential             3.00e-04   1.12e-04   2.18e-07   4.12e-04  30.3%
Combinational          4.97e-04   4.50e-04   3.39e-09   9.47e-04  69.7%
Macro                  0.00e+00   0.00e+00   0.00e+00   0.00e+00   0.0%
Pad                    0.00e+00   0.00e+00   0.00e+00   0.00e+00   0.0%
----------------------------------------------------------------
Total                  7.98e-04   5.61e-04   2.22e-07   1.36e-03 100.0%
                          58.7%      41.3%       0.0%

======================= Slowest Corner ===================================

Group                  Internal  Switching    Leakage      Total
                          Power      Power      Power      Power (Watts)
----------------------------------------------------------------
Sequential             2.03e-04   7.28e-05   8.71e-07   2.77e-04  29.7%
Combinational          3.60e-04   2.95e-04   1.49e-06   6.57e-04  70.3%
Macro                  0.00e+00   0.00e+00   0.00e+00   0.00e+00   0.0%
Pad                    0.00e+00   0.00e+00   0.00e+00   0.00e+00   0.0%
----------------------------------------------------------------
Total                  5.63e-04   3.68e-04   2.37e-06   9.34e-04 100.0%
                          60.3%      39.4%       0.3%

======================= Typical Corner ===================================

Group                  Internal  Switching    Leakage      Total
                          Power      Power      Power      Power (Watts)
----------------------------------------------------------------
Sequential             2.60e-04   9.34e-05   2.18e-07   3.54e-04  30.1%
Combinational          4.43e-04   3.79e-04   1.84e-09   8.21e-04  69.9%
Macro                  0.00e+00   0.00e+00   0.00e+00   0.00e+00   0.0%
Pad                    0.00e+00   0.00e+00   0.00e+00   0.00e+00   0.0%
----------------------------------------------------------------
Total                  7.03e-04   4.72e-04   2.20e-07   1.18e-03 100.0%
                          59.8%      40.2%       0.0%

