
===========================================================================
report_checks -unconstrained
===========================================================================
======================= Typical Corner ===================================

Startpoint: CSB (input port clocked by SCK)
Endpoint: _483_ (recovery check against rising-edge clock SCK')
Path Group: asynchronous
Path Type: max

Fanout     Cap    Slew   Delay    Time   Description
-----------------------------------------------------------------------------
                          0.00    0.00   clock SCK (rise edge)
                          0.00    0.00   clock network delay (propagated)
                          2.00    2.00 v input external delay
                  0.01    0.00    2.00 v CSB (in)
     1    0.00                           CSB (net)
                  0.01    0.00    2.00 v input1/A (sky130_fd_sc_hd__clkbuf_1)
                  0.03    0.07    2.08 v input1/X (sky130_fd_sc_hd__clkbuf_1)
     1    0.00                           net1 (net)
                  0.03    0.00    2.08 v _224_/A (sky130_fd_sc_hd__buf_2)
                  0.08    0.17    2.25 v _224_/X (sky130_fd_sc_hd__buf_2)
     9    0.03                           _102_ (net)
                  0.08    0.00    2.25 v _225_/A (sky130_fd_sc_hd__clkbuf_4)
                  0.08    0.21    2.46 v _225_/X (sky130_fd_sc_hd__clkbuf_4)
    10    0.03                           _103_ (net)
                  0.08    0.00    2.46 v _271_/B (sky130_fd_sc_hd__nor2_1)
                  0.10    0.12    2.58 ^ _271_/Y (sky130_fd_sc_hd__nor2_1)
     1    0.00                           _035_ (net)
                  0.10    0.00    2.58 ^ _483_/SET_B (sky130_fd_sc_hd__dfstp_1)
                                  2.58   data arrival time

                          5.00    5.00   clock SCK' (rise edge)
                          0.00    5.00   clock source latency
                  0.03    0.02    5.02 v SCK (in)
     1    0.01                           SCK (net)
                  0.03    0.00    5.02 v clkbuf_0_SCK/A (sky130_fd_sc_hd__clkbuf_16)
                  0.04    0.14    5.16 v clkbuf_0_SCK/X (sky130_fd_sc_hd__clkbuf_16)
     4    0.03                           clknet_0_SCK (net)
                  0.04    0.00    5.16 v clkbuf_2_3__f_SCK/A (sky130_fd_sc_hd__clkbuf_16)
                  0.03    0.13    5.29 v clkbuf_2_3__f_SCK/X (sky130_fd_sc_hd__clkbuf_16)
     6    0.01                           clknet_2_3__leaf_SCK (net)
                  0.03    0.00    5.29 v _437_/A (sky130_fd_sc_hd__buf_1)
                  0.05    0.10    5.39 v _437_/X (sky130_fd_sc_hd__buf_1)
     1    0.01                           _221_ (net)
                  0.05    0.00    5.39 v clkbuf_0__221_/A (sky130_fd_sc_hd__clkbuf_16)
                  0.03    0.14    5.53 v clkbuf_0__221_/X (sky130_fd_sc_hd__clkbuf_16)
     2    0.01                           clknet_0__221_ (net)
                  0.03    0.00    5.53 v clkbuf_1_1__f__221_/A (sky130_fd_sc_hd__clkbuf_16)
                  0.04    0.14    5.67 v clkbuf_1_1__f__221_/X (sky130_fd_sc_hd__clkbuf_16)
     6    0.03                           clknet_1_1__leaf__221_ (net)
                  0.04    0.00    5.67 v _438__1/A (sky130_fd_sc_hd__inv_2)
                  0.02    0.04    5.71 ^ _438__1/Y (sky130_fd_sc_hd__inv_2)
     1    0.00                           net39 (net)
                  0.02    0.00    5.71 ^ _483_/CLK (sky130_fd_sc_hd__dfstp_1)
                         -0.25    5.46   clock uncertainty
                          0.00    5.46   clock reconvergence pessimism
                          0.13    5.59   library recovery time
                                  5.59   data required time
-----------------------------------------------------------------------------
                                  5.59   data required time
                                 -2.58   data arrival time
-----------------------------------------------------------------------------
                                  3.01   slack (MET)


Startpoint: _483_ (rising edge-triggered flip-flop clocked by SCK')
Endpoint: sdoenb (output port clocked by SCK)
Path Group: SCK
Path Type: max

Fanout     Cap    Slew   Delay    Time   Description
-----------------------------------------------------------------------------
                          5.00    5.00   clock SCK' (rise edge)
                          0.00    5.00   clock source latency
                  0.03    0.02    5.02 v SCK (in)
     1    0.01                           SCK (net)
                  0.03    0.00    5.02 v clkbuf_0_SCK/A (sky130_fd_sc_hd__clkbuf_16)
                  0.04    0.16    5.18 v clkbuf_0_SCK/X (sky130_fd_sc_hd__clkbuf_16)
     4    0.03                           clknet_0_SCK (net)
                  0.04    0.00    5.18 v clkbuf_2_3__f_SCK/A (sky130_fd_sc_hd__clkbuf_16)
                  0.03    0.14    5.32 v clkbuf_2_3__f_SCK/X (sky130_fd_sc_hd__clkbuf_16)
     6    0.01                           clknet_2_3__leaf_SCK (net)
                  0.03    0.00    5.32 v _437_/A (sky130_fd_sc_hd__buf_1)
                  0.05    0.11    5.43 v _437_/X (sky130_fd_sc_hd__buf_1)
     1    0.01                           _221_ (net)
                  0.05    0.00    5.43 v clkbuf_0__221_/A (sky130_fd_sc_hd__clkbuf_16)
                  0.03    0.15    5.59 v clkbuf_0__221_/X (sky130_fd_sc_hd__clkbuf_16)
     2    0.01                           clknet_0__221_ (net)
                  0.03    0.00    5.59 v clkbuf_1_1__f__221_/A (sky130_fd_sc_hd__clkbuf_16)
                  0.04    0.16    5.74 v clkbuf_1_1__f__221_/X (sky130_fd_sc_hd__clkbuf_16)
     6    0.03                           clknet_1_1__leaf__221_ (net)
                  0.04    0.00    5.75 v _438__1/A (sky130_fd_sc_hd__inv_2)
                  0.02    0.04    5.79 ^ _438__1/Y (sky130_fd_sc_hd__inv_2)
     1    0.00                           net39 (net)
                  0.02    0.00    5.79 ^ _483_/CLK (sky130_fd_sc_hd__dfstp_1)
                  0.06    0.52    6.31 ^ _483_/Q (sky130_fd_sc_hd__dfstp_1)
     1    0.00                           net36 (net)
                  0.06    0.00    6.31 ^ output36/A (sky130_fd_sc_hd__buf_6)
                  0.08    0.14    6.45 ^ output36/X (sky130_fd_sc_hd__buf_6)
     1    0.03                           sdoenb (net)
                  0.08    0.00    6.45 ^ sdoenb (out)
                                  6.45   data arrival time

                         10.00   10.00   clock SCK (rise edge)
                          0.00   10.00   clock network delay (propagated)
                         -0.25    9.75   clock uncertainty
                          0.00    9.75   clock reconvergence pessimism
                         -2.00    7.75   output external delay
                                  7.75   data required time
-----------------------------------------------------------------------------
                                  7.75   data required time
                                 -6.45   data arrival time
-----------------------------------------------------------------------------
                                  1.30   slack (MET)




===========================================================================
report_checks --slack_max -0.01
============================================================================
======================= Typical Corner ===================================

No paths found.


===========================================================================
 report_check_types -max_slew -max_cap -max_fanout -violators
============================================================================
======================= Typical Corner ===================================

max fanout

Pin                                   Limit Fanout  Slack
---------------------------------------------------------
clkbuf_2_1__f_SCK/X                      10     12     -2 (VIOLATED)



===========================================================================
report_parasitic_annotation -report_unannotated
============================================================================
Found 360 unannotated drivers.
 CSB
 SCK
 SDI
 idata[0]
 idata[1]
 idata[2]
 idata[3]
 idata[4]
 idata[5]
 idata[6]
 idata[7]
 reset
 _222_/X
 _223_/X
 _224_/X
 _225_/X
 _226_/Y
 _227_/X
 _228_/X
 _229_/X
 _230_/Y
 _231_/X
 _232_/X
 _233_/Y
 _234_/X
 _235_/X
 _236_/X
 _237_/Y
 _238_/X
 _239_/X
 _240_/X
 _241_/Y
 _242_/X
 _243_/X
 _244_/X
 _245_/Y
 _246_/X
 _247_/X
 _248_/X
 _249_/Y
 _250_/X
 _251_/X
 _252_/X
 _253_/Y
 _254_/X
 _255_/X
 _256_/X
 _257_/Y
 _258_/Y
 _259_/X
 _260_/Y
 _261_/X
 _262_/X
 _263_/X
 _264_/X
 _265_/X
 _266_/Y
 _267_/Y
 _268_/Y
 _269_/X
 _270_/X
 _271_/Y
 _272_/Y
 _273_/Y
 _274_/Y
 _275_/Y
 _276_/X
 _277_/Y
 _278_/X
 _279_/X
 _280_/X
 _281_/X
 _282_/X
 _283_/X
 _284_/X
 _285_/X
 _286_/X
 _287_/X
 _288_/X
 _289_/X
 _290_/X
 _291_/X
 _292_/X
 _293_/X
 _294_/Y
 _295_/Y
 _296_/Y
 _297_/X
 _298_/X
 _299_/X
 _300_/X
 _301_/Y
 _302_/Y
 _303_/X
 _304_/Y
 _305_/X
 _306_/X
 _307_/X
 _308_/Y
 _309_/Y
 _310_/X
 _311_/X
 _312_/X
 _313_/X
 _314_/X
 _315_/Y
 _316_/Y
 _317_/Y
 _318_/X
 _319_/Y
 _320_/X
 _321_/X
 _322_/X
 _323_/X
 _324_/X
 _325_/X
 _326_/X
 _327_/X
 _328_/X
 _329_/X
 _330_/X
 _331_/X
 _332_/X
 _333_/Y
 _334_/Y
 _335_/Y
 _336_/X
 _337_/X
 _338_/Y
 _339_/X
 _340_/X
 _341_/X
 _342_/X
 _343_/X
 _344_/Y
 _345_/X
 _346_/X
 _347_/X
 _348_/X
 _349_/Y
 _350_/X
 _351_/X
 _352_/X
 _353_/Y
 _354_/X
 _355_/X
 _356_/X
 _357_/X
 _358_/Y
 _359_/Y
 _360_/X
 _361_/X
 _362_/Y
 _363_/X
 _364_/X
 _365_/X
 _366_/Y
 _367_/X
 _368_/X
 _369_/Y
 _370_/X
 _371_/X
 _372_/X
 _373_/X
 _374_/X
 _375_/X
 _376_/X
 _377_/X
 _378_/X
 _379_/Y
 _380_/Y
 _381_/X
 _382_/X
 _383_/X
 _384_/Y
 _385_/X
 _386_/X
 _387_/X
 _388_/Y
 _389_/X
 _390_/X
 _391_/X
 _392_/X
 _393_/X
 _394_/X
 _395_/X
 _396_/X
 _397_/X
 _398_/X
 _399_/X
 _400_/X
 _401_/X
 _402_/X
 _403_/X
 _404_/Y
 _405_/Y
 _406_/Y
 _407_/Y
 _408_/Y
 _409_/Y
 _410_/Y
 _411_/Y
 _412_/Y
 _413_/Y
 _414_/X
 _415_/X
 _416_/Y
 _417_/Y
 _418_/Y
 _419_/Y
 _420_/Y
 _421_/Y
 _422_/Y
 _423_/Y
 _424_/Y
 _425_/Y
 _426_/X
 _427_/X
 _428_/Y
 _429_/Y
 _430_/Y
 _431_/Y
 _432_/Y
 _433_/Y
 _434_/Y
 _435_/Y
 _436_/Y
 _437_/X
 _438__1/Y
 _439_/Y
 _440__2/Y
 _441_/Y
 _442_/Y
 _443_/Y
 _444_/Y
 _445_/Y
 _446__3/Y
 _447__4/Y
 _448__5/Y
 _449__6/Y
 _450__7/Y
 _451__8/Y
 _452__9/Y
 _453__10/Y
 _454_/Q
 _455_/Q
 _456_/Q
 _457_/Q
 _458_/Q
 _459_/Q
 _460_/Q
 _461_/Q
 _462_/Q
 _463_/Q
 _464_/Q
 _465_/Q
 _466_/Q
 _467_/Q
 _468_/Q
 _469_/Q
 _470_/Q
 _471_/Q
 _472_/Q
 _473_/Q
 _474_/Q
 _475_/Q
 _476_/Q
 _477_/Q
 _478_/Q
 _479_/Q
 _480_/Q
 _481_/Q
 _482_/Q
 _483_/Q
 _484_/Q
 _485_/Q
 _486_/Q
 _487_/Q
 _488_/Q
 _489_/Q
 _490_/Q
 _491_/Q
 _492_/Q
 _493_/Q
 _494_/Q
 _495_/Q
 _496_/Q
 _497_/Q
 _498_/Q
 _499_/X
 clkbuf_0_SCK/X
 clkbuf_0__221_/X
 clkbuf_1_0__f__221_/X
 clkbuf_1_1__f__221_/X
 clkbuf_2_0__f_SCK/X
 clkbuf_2_1__f_SCK/X
 clkbuf_2_2__f_SCK/X
 clkbuf_2_3__f_SCK/X
 hold1/X
 hold10/X
 hold11/X
 hold12/X
 hold13/X
 hold14/X
 hold15/X
 hold16/X
 hold17/X
 hold18/X
 hold19/X
 hold2/X
 hold20/X
 hold21/X
 hold22/X
 hold23/X
 hold24/X
 hold3/X
 hold4/X
 hold5/X
 hold6/X
 hold7/X
 hold8/X
 hold9/X
 input1/X
 input10/X
 input11/X
 input2/X
 input3/X
 input4/X
 input5/X
 input6/X
 input7/X
 input8/X
 input9/X
 max_cap38/X
 output12/X
 output13/X
 output14/X
 output15/X
 output16/X
 output17/X
 output18/X
 output19/X
 output20/X
 output21/X
 output22/X
 output23/X
 output24/X
 output25/X
 output26/X
 output27/X
 output28/X
 output29/X
 output30/X
 output31/X
 output32/X
 output33/X
 output34/X
 output35/X
 output36/X
 output37/X
Found 0 partially unannotated drivers.

===========================================================================
max slew violation count 0
max fanout violation count 1
max cap violation count 0
============================================================================

===========================================================================
check_setup -verbose -unconstrained_endpoints -multiple_clock -no_clock -no_input_delay -loops -generated_clocks
===========================================================================
