
===========================================================================
 report_power
============================================================================
======================= Fastest Corner ===================================

Group                  Internal  Switching    Leakage      Total
                          Power      Power      Power      Power (Watts)
----------------------------------------------------------------
Sequential             2.99e-04   1.20e-04   2.18e-07   4.19e-04  30.2%
Combinational          4.98e-04   4.72e-04   3.39e-09   9.70e-04  69.8%
Macro                  0.00e+00   0.00e+00   0.00e+00   0.00e+00   0.0%
Pad                    0.00e+00   0.00e+00   0.00e+00   0.00e+00   0.0%
----------------------------------------------------------------
Total                  7.97e-04   5.92e-04   2.22e-07   1.39e-03 100.0%
                          57.4%      42.6%       0.0%

======================= Slowest Corner ===================================

Group                  Internal  Switching    Leakage      Total
                          Power      Power      Power      Power (Watts)
----------------------------------------------------------------
Sequential             2.02e-04   7.86e-05   8.71e-07   2.82e-04  29.5%
Combinational          3.61e-04   3.10e-04   1.49e-06   6.72e-04  70.5%
Macro                  0.00e+00   0.00e+00   0.00e+00   0.00e+00   0.0%
Pad                    0.00e+00   0.00e+00   0.00e+00   0.00e+00   0.0%
----------------------------------------------------------------
Total                  5.63e-04   3.88e-04   2.37e-06   9.54e-04 100.0%
                          59.0%      40.7%       0.2%

======================= Typical Corner ===================================

Group                  Internal  Switching    Leakage      Total
                          Power      Power      Power      Power (Watts)
----------------------------------------------------------------
Sequential             2.59e-04   1.01e-04   2.18e-07   3.60e-04  30.0%
Combinational          4.43e-04   3.97e-04   1.84e-09   8.41e-04  70.0%
Macro                  0.00e+00   0.00e+00   0.00e+00   0.00e+00   0.0%
Pad                    0.00e+00   0.00e+00   0.00e+00   0.00e+00   0.0%
----------------------------------------------------------------
Total                  7.02e-04   4.98e-04   2.20e-07   1.20e-03 100.0%
                          58.5%      41.5%       0.0%

