
===========================================================================
 report_power
============================================================================
======================= Fastest Corner ===================================

Group                  Internal  Switching    Leakage      Total
                          Power      Power      Power      Power (Watts)
----------------------------------------------------------------
Sequential             3.00e-04   1.16e-04   2.18e-07   4.16e-04  30.3%
Combinational          4.98e-04   4.61e-04   3.39e-09   9.58e-04  69.7%
Macro                  0.00e+00   0.00e+00   0.00e+00   0.00e+00   0.0%
Pad                    0.00e+00   0.00e+00   0.00e+00   0.00e+00   0.0%
----------------------------------------------------------------
Total                  7.97e-04   5.77e-04   2.22e-07   1.37e-03 100.0%
                          58.0%      42.0%       0.0%

======================= Slowest Corner ===================================

Group                  Internal  Switching    Leakage      Total
                          Power      Power      Power      Power (Watts)
----------------------------------------------------------------
Sequential             2.03e-04   7.58e-05   8.71e-07   2.79e-04  29.6%
Combinational          3.60e-04   3.02e-04   1.49e-06   6.64e-04  70.4%
Macro                  0.00e+00   0.00e+00   0.00e+00   0.00e+00   0.0%
Pad                    0.00e+00   0.00e+00   0.00e+00   0.00e+00   0.0%
----------------------------------------------------------------
Total                  5.63e-04   3.78e-04   2.37e-06   9.44e-04 100.0%
                          59.7%      40.1%       0.3%

======================= Typical Corner ===================================

Group                  Internal  Switching    Leakage      Total
                          Power      Power      Power      Power (Watts)
----------------------------------------------------------------
Sequential             2.60e-04   9.72e-05   2.18e-07   3.57e-04  30.1%
Combinational          4.43e-04   3.88e-04   1.84e-09   8.31e-04  69.9%
Macro                  0.00e+00   0.00e+00   0.00e+00   0.00e+00   0.0%
Pad                    0.00e+00   0.00e+00   0.00e+00   0.00e+00   0.0%
----------------------------------------------------------------
Total                  7.03e-04   4.85e-04   2.20e-07   1.19e-03 100.0%
                          59.1%      40.8%       0.0%

