
===========================================================================
report_checks -unconstrained
===========================================================================
======================= Typical Corner ===================================

Startpoint: reset (input port clocked by SCK)
Endpoint: _483_ (recovery check against rising-edge clock SCK')
Path Group: asynchronous
Path Type: max

Fanout     Cap    Slew   Delay    Time   Description
-----------------------------------------------------------------------------
                          0.00    0.00   clock SCK (rise edge)
                          0.00    0.00   clock network delay (propagated)
                          2.00    2.00 v input external delay
                  0.01    0.00    2.00 v reset (in)
     1    0.00                           reset (net)
                  0.01    0.00    2.00 v input11/A (sky130_fd_sc_hd__clkbuf_1)
                  0.02    0.07    2.07 v input11/X (sky130_fd_sc_hd__clkbuf_1)
     1    0.00                           net11 (net)
                  0.02    0.00    2.07 v _222_/A (sky130_fd_sc_hd__buf_2)
                  0.09    0.18    2.25 v _222_/X (sky130_fd_sc_hd__buf_2)
     9    0.03                           _100_ (net)
                  0.09    0.00    2.25 v _223_/A (sky130_fd_sc_hd__clkbuf_4)
                  0.09    0.22    2.48 v _223_/X (sky130_fd_sc_hd__clkbuf_4)
    10    0.04                           _101_ (net)
                  0.09    0.00    2.48 v _271_/A (sky130_fd_sc_hd__nor2_1)
                  0.09    0.13    2.61 ^ _271_/Y (sky130_fd_sc_hd__nor2_1)
     1    0.00                           _035_ (net)
                  0.09    0.00    2.61 ^ _483_/SET_B (sky130_fd_sc_hd__dfstp_1)
                                  2.61   data arrival time

                          5.00    5.00   clock SCK' (rise edge)
                          0.00    5.00   clock source latency
                  0.04    0.02    5.02 v SCK (in)
     1    0.02                           SCK (net)
                  0.04    0.00    5.02 v clkbuf_0_SCK/A (sky130_fd_sc_hd__clkbuf_16)
                  0.05    0.15    5.17 v clkbuf_0_SCK/X (sky130_fd_sc_hd__clkbuf_16)
     4    0.04                           clknet_0_SCK (net)
                  0.05    0.00    5.17 v clkbuf_2_3__f_SCK/A (sky130_fd_sc_hd__clkbuf_16)
                  0.04    0.14    5.32 v clkbuf_2_3__f_SCK/X (sky130_fd_sc_hd__clkbuf_16)
     6    0.02                           clknet_2_3__leaf_SCK (net)
                  0.04    0.00    5.32 v _437_/A (sky130_fd_sc_hd__buf_1)
                  0.06    0.10    5.42 v _437_/X (sky130_fd_sc_hd__buf_1)
     1    0.01                           _221_ (net)
                  0.06    0.00    5.42 v clkbuf_0__221_/A (sky130_fd_sc_hd__clkbuf_16)
                  0.03    0.14    5.56 v clkbuf_0__221_/X (sky130_fd_sc_hd__clkbuf_16)
     2    0.02                           clknet_0__221_ (net)
                  0.03    0.00    5.56 v clkbuf_1_1__f__221_/A (sky130_fd_sc_hd__clkbuf_16)
                  0.04    0.14    5.71 v clkbuf_1_1__f__221_/X (sky130_fd_sc_hd__clkbuf_16)
     6    0.03                           clknet_1_1__leaf__221_ (net)
                  0.04    0.00    5.71 v _438__1/A (sky130_fd_sc_hd__inv_2)
                  0.02    0.04    5.74 ^ _438__1/Y (sky130_fd_sc_hd__inv_2)
     1    0.00                           net39 (net)
                  0.02    0.00    5.74 ^ _483_/CLK (sky130_fd_sc_hd__dfstp_1)
                         -0.25    5.49   clock uncertainty
                          0.00    5.49   clock reconvergence pessimism
                          0.13    5.62   library recovery time
                                  5.62   data required time
-----------------------------------------------------------------------------
                                  5.62   data required time
                                 -2.61   data arrival time
-----------------------------------------------------------------------------
                                  3.01   slack (MET)


Startpoint: _483_ (rising edge-triggered flip-flop clocked by SCK')
Endpoint: sdoenb (output port clocked by SCK)
Path Group: SCK
Path Type: max

Fanout     Cap    Slew   Delay    Time   Description
-----------------------------------------------------------------------------
                          5.00    5.00   clock SCK' (rise edge)
                          0.00    5.00   clock source latency
                  0.04    0.03    5.03 v SCK (in)
     1    0.02                           SCK (net)
                  0.04    0.00    5.03 v clkbuf_0_SCK/A (sky130_fd_sc_hd__clkbuf_16)
                  0.05    0.16    5.19 v clkbuf_0_SCK/X (sky130_fd_sc_hd__clkbuf_16)
     4    0.04                           clknet_0_SCK (net)
                  0.05    0.00    5.19 v clkbuf_2_3__f_SCK/A (sky130_fd_sc_hd__clkbuf_16)
                  0.04    0.16    5.35 v clkbuf_2_3__f_SCK/X (sky130_fd_sc_hd__clkbuf_16)
     6    0.02                           clknet_2_3__leaf_SCK (net)
                  0.04    0.00    5.35 v _437_/A (sky130_fd_sc_hd__buf_1)
                  0.06    0.12    5.46 v _437_/X (sky130_fd_sc_hd__buf_1)
     1    0.01                           _221_ (net)
                  0.06    0.00    5.46 v clkbuf_0__221_/A (sky130_fd_sc_hd__clkbuf_16)
                  0.03    0.16    5.62 v clkbuf_0__221_/X (sky130_fd_sc_hd__clkbuf_16)
     2    0.02                           clknet_0__221_ (net)
                  0.03    0.00    5.62 v clkbuf_1_1__f__221_/A (sky130_fd_sc_hd__clkbuf_16)
                  0.04    0.16    5.78 v clkbuf_1_1__f__221_/X (sky130_fd_sc_hd__clkbuf_16)
     6    0.03                           clknet_1_1__leaf__221_ (net)
                  0.04    0.00    5.78 v _438__1/A (sky130_fd_sc_hd__inv_2)
                  0.02    0.04    5.82 ^ _438__1/Y (sky130_fd_sc_hd__inv_2)
     1    0.00                           net39 (net)
                  0.02    0.00    5.82 ^ _483_/CLK (sky130_fd_sc_hd__dfstp_1)
                  0.12    0.57    6.39 ^ _483_/Q (sky130_fd_sc_hd__dfstp_1)
     1    0.01                           net36 (net)
                  0.12    0.00    6.39 ^ output36/A (sky130_fd_sc_hd__buf_6)
                  0.08    0.16    6.55 ^ output36/X (sky130_fd_sc_hd__buf_6)
     1    0.03                           sdoenb (net)
                  0.08    0.00    6.55 ^ sdoenb (out)
                                  6.55   data arrival time

                         10.00   10.00   clock SCK (rise edge)
                          0.00   10.00   clock network delay (propagated)
                         -0.25    9.75   clock uncertainty
                          0.00    9.75   clock reconvergence pessimism
                         -2.00    7.75   output external delay
                                  7.75   data required time
-----------------------------------------------------------------------------
                                  7.75   data required time
                                 -6.55   data arrival time
-----------------------------------------------------------------------------
                                  1.20   slack (MET)




===========================================================================
report_checks --slack_max -0.01
============================================================================
======================= Typical Corner ===================================

No paths found.


===========================================================================
 report_check_types -max_slew -max_cap -max_fanout -violators
============================================================================
======================= Typical Corner ===================================

max fanout

Pin                                   Limit Fanout  Slack
---------------------------------------------------------
clkbuf_2_1__f_SCK/X                      10     12     -2 (VIOLATED)



===========================================================================
report_parasitic_annotation -report_unannotated
============================================================================
Found 0 unannotated drivers.
Found 0 partially unannotated drivers.

===========================================================================
max slew violation count 0
max fanout violation count 1
max cap violation count 0
============================================================================

===========================================================================
check_setup -verbose -unconstrained_endpoints -multiple_clock -no_clock -no_input_delay -loops -generated_clocks
===========================================================================
