Instance name,  X location,  Y location,  Voltage 
_229_, 79.98, 95.2, 1.7995
_231_, 79.98, 89.76, 1.79944
_232_, 79.98, 89.76, 1.79944
_399_, 79.98, 89.76, 1.79944
_453__10, 79.98, 89.76, 1.79944
_498_, 79.98, 89.76, 1.79944
output24, 79.98, 89.76, 1.79944
hold17, 79.98, 89.76, 1.79944
FILLER_0_28_152, 79.98, 89.76, 1.79944
FILLER_0_30_165, 79.98, 89.76, 1.79944
_226_, 79.98, 84.32, 1.79948
output17, 79.98, 84.32, 1.79948
FILLER_0_27_161, 79.98, 84.32, 1.79948
_233_, 79.98, 78.88, 1.79948
_235_, 79.98, 78.88, 1.79948
_236_, 79.98, 78.88, 1.79948
hold22, 79.98, 78.88, 1.79948
FILLER_0_26_164, 79.98, 78.88, 1.79948
_234_, 79.98, 73.44, 1.79951
FILLER_0_24_172, 79.98, 73.44, 1.79951
_239_, 79.98, 68, 1.79947
_240_, 79.98, 68, 1.79947
_451__8, 79.98, 68, 1.79947
_496_, 79.98, 68, 1.79947
hold16, 79.98, 68, 1.79947
FILLER_0_21_163, 79.98, 68, 1.79947
_238_, 79.98, 62.56, 1.79952
_245_, 79.98, 62.56, 1.79952
FILLER_0_18_151, 79.98, 62.56, 1.79952
FILLER_0_19_162, 79.98, 62.56, 1.79952
FILLER_0_19_169, 79.98, 62.56, 1.79952
_241_, 79.98, 57.12, 1.79955
_244_, 79.98, 57.12, 1.79955
FILLER_0_17_169, 79.98, 57.12, 1.79955
FILLER_0_18_164, 79.98, 57.12, 1.79955
FILLER_0_18_173, 79.98, 57.12, 1.79955
_243_, 79.98, 51.68, 1.79951
_450__7, 79.98, 51.68, 1.79951
_495_, 79.98, 51.68, 1.79951
hold9, 79.98, 51.68, 1.79951
_246_, 79.98, 46.24, 1.79953
_247_, 79.98, 46.24, 1.79953
_248_, 79.98, 46.24, 1.79953
hold15, 79.98, 46.24, 1.79953
FILLER_0_12_160, 79.98, 46.24, 1.79953
_242_, 79.98, 40.8, 1.79952
FILLER_0_11_157, 79.98, 40.8, 1.79952
FILLER_0_11_165, 79.98, 40.8, 1.79952
FILLER_0_11_169, 79.98, 40.8, 1.79952
_290_, 79.98, 35.36, 1.7995
_291_, 79.98, 35.36, 1.7995
_429_, 79.98, 35.36, 1.7995
_475_, 79.98, 35.36, 1.7995
_286_, 79.98, 29.92, 1.7995
FILLER_0_7_169, 79.98, 29.92, 1.7995
_287_, 79.98, 24.48, 1.79947
_431_, 79.98, 24.48, 1.79947
_477_, 79.98, 24.48, 1.79947
FILLER_0_4_158, 79.98, 24.48, 1.79947
FILLER_0_5_160, 79.98, 24.48, 1.79947
_478_, 79.98, 19.04, 1.79947
FILLER_0_3_160, 79.98, 19.04, 1.79947
_284_, 79.98, 13.6, 1.79945
_285_, 79.98, 13.6, 1.79945
_432_, 79.98, 13.6, 1.79945
input7, 79.98, 13.6, 1.79945
FILLER_0_0_156, 79.98, 13.6, 1.79945
FILLER_0_0_162, 79.98, 13.6, 1.79945
FILLER_0_1_172, 79.98, 13.6, 1.79945
hold13, 58.705, 95.2, 1.79954
_250_, 58.705, 89.76, 1.7995
_254_, 58.705, 89.76, 1.7995
_255_, 58.705, 89.76, 1.7995
FILLER_0_29_109, 58.705, 89.76, 1.7995
FILLER_0_30_123, 58.705, 89.76, 1.7995
_251_, 58.705, 84.32, 1.79955
_259_, 58.705, 84.32, 1.79955
_438__1, 58.705, 84.32, 1.79955
FILLER_0_27_105, 58.705, 84.32, 1.79955
FILLER_0_28_121, 58.705, 84.32, 1.79955
_252_, 58.705, 78.88, 1.79954
_448__5, 58.705, 78.88, 1.79954
_493_, 58.705, 78.88, 1.79954
FILLER_0_25_113, 58.705, 78.88, 1.79954
_384_, 58.705, 73.44, 1.79956
_385_, 58.705, 73.44, 1.79956
_457_, 58.705, 73.44, 1.79956
FILLER_0_22_108, 58.705, 73.44, 1.79956
FILLER_0_22_114, 58.705, 73.44, 1.79956
FILLER_0_23_119, 58.705, 73.44, 1.79956
FILLER_0_24_121, 58.705, 73.44, 1.79956
_370_, 58.705, 68, 1.79959
FILLER_0_21_106, 58.705, 68, 1.79959
FILLER_0_21_125, 58.705, 68, 1.79959
_373_, 58.705, 62.56, 1.79963
_455_, 58.705, 62.56, 1.79963
hold10, 58.705, 62.56, 1.79963
FILLER_0_19_121, 58.705, 62.56, 1.79963
_223_, 58.705, 57.12, 1.79968
_398_, 58.705, 57.12, 1.79968
_404_, 58.705, 57.12, 1.79968
_406_, 58.705, 57.12, 1.79968
_454_, 58.705, 57.12, 1.79968
FILLER_0_17_116, 58.705, 57.12, 1.79968
FILLER_0_18_123, 58.705, 57.12, 1.79968
_372_, 58.705, 51.68, 1.79968
hold12, 58.705, 51.68, 1.79968
FILLER_0_14_112, 58.705, 51.68, 1.79968
FILLER_0_15_113, 58.705, 51.68, 1.79968
FILLER_0_15_126, 58.705, 51.68, 1.79968
_306_, 58.705, 46.24, 1.79967
_307_, 58.705, 46.24, 1.79967
_375_, 58.705, 46.24, 1.79967
_471_, 58.705, 46.24, 1.79967
FILLER_0_13_113, 58.705, 46.24, 1.79967
_374_, 58.705, 40.8, 1.79964
hold24, 58.705, 40.8, 1.79964
FILLER_0_10_109, 58.705, 40.8, 1.79964
FILLER_0_11_108, 58.705, 40.8, 1.79964
FILLER_0_12_125, 58.705, 40.8, 1.79964
_262_, 58.705, 35.36, 1.7996
_305_, 58.705, 35.36, 1.7996
_309_, 58.705, 35.36, 1.7996
_436_, 58.705, 35.36, 1.7996
FILLER_0_9_113, 58.705, 35.36, 1.7996
FILLER_0_10_125, 58.705, 35.36, 1.7996
_227_, 58.705, 29.92, 1.79955
_228_, 58.705, 29.92, 1.79955
_261_, 58.705, 29.92, 1.79955
_265_, 58.705, 29.92, 1.79955
FILLER_0_7_113, 58.705, 29.92, 1.79955
_320_, 58.705, 24.48, 1.79951
_467_, 58.705, 24.48, 1.79951
FILLER_0_5_106, 58.705, 24.48, 1.79951
_468_, 58.705, 19.04, 1.79953
FILLER_0_2_108, 58.705, 19.04, 1.79953
FILLER_0_3_109, 58.705, 19.04, 1.79953
FILLER_0_4_121, 58.705, 19.04, 1.79953
_420_, 58.705, 13.6, 1.7995
_421_, 58.705, 13.6, 1.7995
_469_, 58.705, 13.6, 1.7995
output35, 58.705, 13.6, 1.7995
FILLER_0_0_113, 58.705, 13.6, 1.7995
FILLER_0_0_126, 58.705, 13.6, 1.7995
output33, 37.43, 95.2, 1.79938
_367_, 37.43, 89.76, 1.79933
_368_, 37.43, 89.76, 1.79933
_458_, 37.43, 89.76, 1.79933
FILLER_0_30_77, 37.43, 89.76, 1.79933
_352_, 37.43, 84.32, 1.79939
_400_, 37.43, 84.32, 1.79939
FILLER_0_26_62, 37.43, 84.32, 1.79939
_351_, 37.43, 78.88, 1.79936
_393_, 37.43, 78.88, 1.79936
_462_, 37.43, 78.88, 1.79936
FILLER_0_24_62, 37.43, 78.88, 1.79936
_332_, 37.43, 73.44, 1.79937
FILLER_0_24_77, 37.43, 73.44, 1.79937
_389_, 37.43, 68, 1.79936
_391_, 37.43, 68, 1.79936
_487_, 37.43, 68, 1.79936
FILLER_0_21_61, 37.43, 68, 1.79936
FILLER_0_22_77, 37.43, 68, 1.79936
_413_, 37.43, 62.56, 1.7994
FILLER_0_20_74, 37.43, 62.56, 1.7994
_317_, 37.43, 57.12, 1.79939
_382_, 37.43, 57.12, 1.79939
_402_, 37.43, 57.12, 1.79939
_488_, 37.43, 57.12, 1.79939
_366_, 37.43, 51.68, 1.79939
_378_, 37.43, 51.68, 1.79939
FILLER_0_15_60, 37.43, 51.68, 1.79939
FILLER_0_15_79, 37.43, 51.68, 1.79939
FILLER_0_16_73, 37.43, 51.68, 1.79939
_268_, 37.43, 46.24, 1.79939
_311_, 37.43, 46.24, 1.79939
_316_, 37.43, 46.24, 1.79939
_318_, 37.43, 46.24, 1.79939
FILLER_0_14_76, 37.43, 46.24, 1.79939
_328_, 37.43, 40.8, 1.79938
_329_, 37.43, 40.8, 1.79938
_383_, 37.43, 40.8, 1.79938
_264_, 37.43, 35.36, 1.79938
_302_, 37.43, 35.36, 1.79938
_381_, 37.43, 35.36, 1.79938
_293_, 37.43, 29.92, 1.79932
_299_, 37.43, 29.92, 1.79932
_303_, 37.43, 29.92, 1.79932
max_cap38, 37.43, 29.92, 1.79932
FILLER_0_6_65, 37.43, 29.92, 1.79932
FILLER_0_7_74, 37.43, 29.92, 1.79932
FILLER_0_8_74, 37.43, 29.92, 1.79932
_294_, 37.43, 24.48, 1.79933
_295_, 37.43, 24.48, 1.79933
_297_, 37.43, 24.48, 1.79933
_298_, 37.43, 24.48, 1.79933
FILLER_0_4_65, 37.43, 24.48, 1.79933
FILLER_0_6_75, 37.43, 24.48, 1.79933
_296_, 37.43, 19.04, 1.79934
_424_, 37.43, 19.04, 1.79934
FILLER_0_4_77, 37.43, 19.04, 1.79934
_428_, 37.43, 13.6, 1.79933
_474_, 37.43, 13.6, 1.79933
output30, 37.43, 13.6, 1.79933
FILLER_0_0_72, 37.43, 13.6, 1.79933
FILLER_0_2_78, 37.43, 13.6, 1.79933
input5, 16.155, 95.2, 1.79931
_460_, 16.155, 89.76, 1.79922
FILLER_0_29_15, 16.155, 89.76, 1.79922
FILLER_0_29_23, 16.155, 89.76, 1.79922
FILLER_0_30_29, 16.155, 89.76, 1.79922
_361_, 16.155, 84.32, 1.79931
FILLER_0_26_22, 16.155, 84.32, 1.79931
FILLER_0_28_32, 16.155, 84.32, 1.79931
_359_, 16.155, 78.88, 1.79928
_360_, 16.155, 78.88, 1.79928
FILLER_0_25_16, 16.155, 78.88, 1.79928
FILLER_0_24_29, 16.155, 73.44, 1.79928
_343_, 16.155, 68, 1.79925
_344_, 16.155, 68, 1.79925
_358_, 16.155, 68, 1.79925
_362_, 16.155, 68, 1.79925
_363_, 16.155, 68, 1.79925
_388_, 16.155, 68, 1.79925
FILLER_0_20_14, 16.155, 68, 1.79925
FILLER_0_20_20, 16.155, 68, 1.79925
_333_, 16.155, 62.56, 1.79931
_334_, 16.155, 62.56, 1.79931
FILLER_0_18_23, 16.155, 62.56, 1.79931
FILLER_0_20_29, 16.155, 62.56, 1.79931
_326_, 16.155, 57.12, 1.79929
_341_, 16.155, 57.12, 1.79929
FILLER_0_16_17, 16.155, 57.12, 1.79929
FILLER_0_17_24, 16.155, 57.12, 1.79929
_342_, 16.155, 51.68, 1.79929
FILLER_0_14_22, 16.155, 51.68, 1.79929
FILLER_0_15_18, 16.155, 51.68, 1.79929
FILLER_0_15_26, 16.155, 51.68, 1.79929
FILLER_0_16_25, 16.155, 51.68, 1.79929
FILLER_0_16_29, 16.155, 51.68, 1.79929
_416_, 16.155, 46.24, 1.79927
_464_, 16.155, 46.24, 1.79927
FILLER_0_13_24, 16.155, 46.24, 1.79927
_321_, 16.155, 40.8, 1.79928
_322_, 16.155, 40.8, 1.79928
_327_, 16.155, 40.8, 1.79928
_417_, 16.155, 40.8, 1.79928
FILLER_0_11_15, 16.155, 40.8, 1.79928
_323_, 16.155, 35.36, 1.79928
_414_, 16.155, 35.36, 1.79928
hold14, 16.155, 35.36, 1.79928
_418_, 16.155, 29.92, 1.79924
FILLER_0_7_27, 16.155, 29.92, 1.79924
_473_, 16.155, 24.48, 1.79925
FILLER_0_4_21, 16.155, 24.48, 1.79925
_279_, 16.155, 19.04, 1.79923
_481_, 16.155, 19.04, 1.79923
hold20, 16.155, 19.04, 1.79923
FILLER_0_4_29, 16.155, 19.04, 1.79923
_278_, 16.155, 13.6, 1.7992
_280_, 16.155, 13.6, 1.7992
_281_, 16.155, 13.6, 1.7992
_480_, 16.155, 13.6, 1.7992
output18, 16.155, 13.6, 1.7992
FILLER_0_0_20, 16.155, 13.6, 1.7992
FILLER_0_1_24, 16.155, 13.6, 1.7992
PHY_60, 5.52, 95.2, 1.79931
PHY_61, 90.62, 95.2, 1.7995
output31, 90.62, 95.2, 1.7995
input10, 26.792, 95.2, 1.79934
output34, 48.067, 95.2, 1.79944
FILLER_0_30_91, 48.067, 95.2, 1.79944
_446__3, 69.342, 95.2, 1.79951
input4, 69.342, 95.2, 1.79951
FILLER_0_30_135, 69.342, 95.2, 1.79951
PHY_56, 5.52, 89.76, 1.79915
PHY_58, 5.52, 89.76, 1.79915
output13, 5.52, 89.76, 1.79915
output19, 5.52, 89.76, 1.79915
output36, 5.52, 89.76, 1.79915
PHY_57, 90.62, 89.76, 1.79944
PHY_59, 90.62, 89.76, 1.79944
FILLER_0_29_177, 90.62, 89.76, 1.79944
_357_, 26.792, 89.76, 1.79926
_410_, 26.792, 89.76, 1.79926
_461_, 26.792, 89.76, 1.79926
FILLER_0_29_49, 26.792, 89.76, 1.79926
FILLER_0_29_57, 26.792, 89.76, 1.79926
FILLER_0_30_53, 26.792, 89.76, 1.79926
_256_, 48.067, 89.76, 1.7994
_401_, 48.067, 89.76, 1.7994
_408_, 48.067, 89.76, 1.7994
_447__4, 48.067, 89.76, 1.7994
_492_, 48.067, 89.76, 1.7994
input3, 48.067, 89.76, 1.7994
FILLER_0_29_91, 48.067, 89.76, 1.7994
FILLER_0_29_101, 48.067, 89.76, 1.7994
FILLER_0_30_104, 48.067, 89.76, 1.7994
_258_, 69.342, 89.76, 1.79945
_491_, 69.342, 89.76, 1.79945
output12, 69.342, 89.76, 1.79945
FILLER_0_28_136, 69.342, 89.76, 1.79945
FILLER_0_30_141, 69.342, 89.76, 1.79945
PHY_52, 5.52, 84.32, 1.79931
PHY_54, 5.52, 84.32, 1.79931
_394_, 90.62, 84.32, 1.79946
PHY_53, 90.62, 84.32, 1.79946
PHY_55, 90.62, 84.32, 1.79946
output32, 90.62, 84.32, 1.79946
_356_, 26.792, 84.32, 1.79935
_411_, 26.792, 84.32, 1.79935
FILLER_0_27_39, 26.792, 84.32, 1.79935
FILLER_0_27_51, 26.792, 84.32, 1.79935
_253_, 48.067, 84.32, 1.79947
FILLER_0_27_96, 48.067, 84.32, 1.79947
_257_, 69.342, 84.32, 1.79951
hold5, 69.342, 84.32, 1.79951
_386_, 5.52, 78.88, 1.79928
_387_, 5.52, 78.88, 1.79928
PHY_48, 5.52, 78.88, 1.79928
PHY_50, 5.52, 78.88, 1.79928
FILLER_0_25_3, 5.52, 78.88, 1.79928
FILLER_0_26_3, 5.52, 78.88, 1.79928
PHY_49, 90.62, 78.88, 1.79948
PHY_51, 90.62, 78.88, 1.79948
input9, 90.62, 78.88, 1.79948
FILLER_0_25_178, 90.62, 78.88, 1.79948
_353_, 26.792, 78.88, 1.79931
_354_, 26.792, 78.88, 1.79931
_355_, 26.792, 78.88, 1.79931
_409_, 26.792, 78.88, 1.79931
FILLER_0_25_39, 26.792, 78.88, 1.79931
FILLER_0_25_57, 26.792, 78.88, 1.79931
_412_, 48.067, 78.88, 1.79943
_483_, 48.067, 78.88, 1.79943
FILLER_0_24_88, 48.067, 78.88, 1.79943
_249_, 69.342, 78.88, 1.79949
_407_, 69.342, 78.88, 1.79949
_437_, 69.342, 78.88, 1.79949
_452__9, 69.342, 78.88, 1.79949
_497_, 69.342, 78.88, 1.79949
FILLER_0_24_133, 69.342, 78.88, 1.79949
FILLER_0_25_143, 69.342, 78.88, 1.79949
FILLER_0_26_141, 69.342, 78.88, 1.79949
_365_, 5.52, 73.44, 1.79924
_459_, 5.52, 73.44, 1.79924
PHY_44, 5.52, 73.44, 1.79924
PHY_46, 5.52, 73.44, 1.79924
input2, 5.52, 73.44, 1.79924
PHY_45, 90.62, 73.44, 1.79951
PHY_47, 90.62, 73.44, 1.79951
FILLER_0_22_177, 90.62, 73.44, 1.79951
_348_, 26.792, 73.44, 1.79932
_350_, 26.792, 73.44, 1.79932
FILLER_0_22_41, 26.792, 73.44, 1.79932
FILLER_0_23_46, 26.792, 73.44, 1.79932
_271_, 48.067, 73.44, 1.79942
clkbuf_1_1__f__221_, 48.067, 73.44, 1.79942
hold8, 48.067, 73.44, 1.79942
_369_, 69.342, 73.44, 1.79952
hold1, 69.342, 73.44, 1.79952
hold2, 69.342, 73.44, 1.79952
_364_, 5.52, 68, 1.79925
PHY_40, 5.52, 68, 1.79925
PHY_42, 5.52, 68, 1.79925
FILLER_0_21_3, 5.52, 68, 1.79925
FILLER_0_22_3, 5.52, 68, 1.79925
_237_, 90.62, 68, 1.79946
_390_, 90.62, 68, 1.79946
_392_, 90.62, 68, 1.79946
PHY_41, 90.62, 68, 1.79946
PHY_43, 90.62, 68, 1.79946
_324_, 26.792, 68, 1.79926
_325_, 26.792, 68, 1.79926
_345_, 26.792, 68, 1.79926
_346_, 26.792, 68, 1.79926
_349_, 26.792, 68, 1.79926
clkbuf_2_2__f_SCK, 26.792, 68, 1.79926
_377_, 48.067, 68, 1.79947
_442_, 48.067, 68, 1.79947
_445_, 48.067, 68, 1.79947
hold7, 48.067, 68, 1.79947
clkbuf_0__221_, 69.342, 68, 1.7995
hold4, 69.342, 68, 1.7995
FILLER_0_20_137, 69.342, 68, 1.7995
FILLER_0_21_148, 69.342, 68, 1.7995
_397_, 5.52, 62.56, 1.7993
PHY_36, 5.52, 62.56, 1.7993
PHY_38, 5.52, 62.56, 1.7993
input8, 5.52, 62.56, 1.7993
FILLER_0_19_3, 5.52, 62.56, 1.7993
FILLER_0_20_6, 5.52, 62.56, 1.7993
PHY_37, 90.62, 62.56, 1.7995
PHY_39, 90.62, 62.56, 1.7995
output16, 90.62, 62.56, 1.7995
_347_, 26.792, 62.56, 1.79935
FILLER_0_18_41, 26.792, 62.56, 1.79935
FILLER_0_19_40, 26.792, 62.56, 1.79935
FILLER_0_19_48, 26.792, 62.56, 1.79935
_274_, 48.067, 62.56, 1.79947
_376_, 48.067, 62.56, 1.79947
clkbuf_2_3__f_SCK, 48.067, 62.56, 1.79947
hold11, 48.067, 62.56, 1.79947
FILLER_0_19_86, 48.067, 62.56, 1.79947
FILLER_0_20_93, 48.067, 62.56, 1.79947
_405_, 69.342, 62.56, 1.79957
hold3, 69.342, 62.56, 1.79957
FILLER_0_18_133, 69.342, 62.56, 1.79957
FILLER_0_19_144, 69.342, 62.56, 1.79957
FILLER_0_20_149, 69.342, 62.56, 1.79957
_395_, 5.52, 57.12, 1.79928
PHY_32, 5.52, 57.12, 1.79928
PHY_34, 5.52, 57.12, 1.79928
FILLER_0_17_3, 5.52, 57.12, 1.79928
PHY_33, 90.62, 57.12, 1.79954
PHY_35, 90.62, 57.12, 1.79954
hold21, 90.62, 57.12, 1.79954
_338_, 26.792, 57.12, 1.79932
_339_, 26.792, 57.12, 1.79932
_340_, 26.792, 57.12, 1.79932
_463_, 26.792, 57.12, 1.79932
_225_, 48.067, 57.12, 1.79952
_443_, 48.067, 57.12, 1.79952
_490_, 48.067, 57.12, 1.79952
FILLER_0_16_81, 48.067, 57.12, 1.79952
FILLER_0_16_88, 48.067, 57.12, 1.79952
FILLER_0_17_97, 48.067, 57.12, 1.79952
_260_, 69.342, 57.12, 1.79961
_440__2, 69.342, 57.12, 1.79961
FILLER_0_18_141, 69.342, 57.12, 1.79961
_335_, 5.52, 51.68, 1.79926
_336_, 5.52, 51.68, 1.79926
PHY_28, 5.52, 51.68, 1.79926
PHY_30, 5.52, 51.68, 1.79926
output14, 5.52, 51.68, 1.79926
FILLER_0_15_3, 5.52, 51.68, 1.79926
PHY_29, 90.62, 51.68, 1.79951
PHY_31, 90.62, 51.68, 1.79951
output37, 90.62, 51.68, 1.79951
_379_, 26.792, 51.68, 1.79934
_403_, 26.792, 51.68, 1.79934
FILLER_0_16_51, 26.792, 51.68, 1.79934
clkbuf_0_SCK, 48.067, 51.68, 1.79947
_456_, 48.067, 51.68, 1.79947
_484_, 48.067, 51.68, 1.79947
FILLER_0_15_103, 48.067, 51.68, 1.79947
_485_, 69.342, 51.68, 1.79956
clkbuf_1_0__f__221_, 69.342, 51.68, 1.79956
FILLER_0_15_149, 69.342, 51.68, 1.79956
_337_, 5.52, 46.24, 1.79924
_465_, 5.52, 46.24, 1.79924
PHY_24, 5.52, 46.24, 1.79924
PHY_26, 5.52, 46.24, 1.79924
FILLER_0_14_3, 5.52, 46.24, 1.79924
PHY_25, 90.62, 46.24, 1.79953
PHY_27, 90.62, 46.24, 1.79953
FILLER_0_12_176, 90.62, 46.24, 1.79953
FILLER_0_13_178, 90.62, 46.24, 1.79953
_310_, 26.792, 46.24, 1.79932
_444_, 26.792, 46.24, 1.79932
_489_, 26.792, 46.24, 1.79932
FILLER_0_13_49, 26.792, 46.24, 1.79932
FILLER_0_13_57, 26.792, 46.24, 1.79932
_270_, 48.067, 46.24, 1.79952
_371_, 48.067, 46.24, 1.79952
hold18, 48.067, 46.24, 1.79952
FILLER_0_12_85, 48.067, 46.24, 1.79952
FILLER_0_13_81, 48.067, 46.24, 1.79952
_263_, 69.342, 46.24, 1.79959
_423_, 69.342, 46.24, 1.79959
_449__6, 69.342, 46.24, 1.79959
_494_, 69.342, 46.24, 1.79959
_222_, 5.52, 40.8, 1.79928
PHY_20, 5.52, 40.8, 1.79928
PHY_22, 5.52, 40.8, 1.79928
input11, 5.52, 40.8, 1.79928
PHY_21, 90.62, 40.8, 1.7995
PHY_23, 90.62, 40.8, 1.7995
output22, 90.62, 40.8, 1.7995
FILLER_0_10_175, 90.62, 40.8, 1.7995
_441_, 26.792, 40.8, 1.79931
_486_, 26.792, 40.8, 1.79931
FILLER_0_11_38, 26.792, 40.8, 1.79931
FILLER_0_11_50, 26.792, 40.8, 1.79931
FILLER_0_11_57, 26.792, 40.8, 1.79931
_267_, 48.067, 40.8, 1.79951
_269_, 48.067, 40.8, 1.79951
_275_, 48.067, 40.8, 1.79951
_439_, 48.067, 40.8, 1.79951
_230_, 69.342, 40.8, 1.79957
_308_, 69.342, 40.8, 1.79957
FILLER_0_10_135, 69.342, 40.8, 1.79957
FILLER_0_12_150, 69.342, 40.8, 1.79957
_330_, 5.52, 35.36, 1.79926
_331_, 5.52, 35.36, 1.79926
PHY_16, 5.52, 35.36, 1.79926
PHY_18, 5.52, 35.36, 1.79926
FILLER_0_9_3, 5.52, 35.36, 1.79926
FILLER_0_9_10, 5.52, 35.36, 1.79926
PHY_17, 90.62, 35.36, 1.7995
PHY_19, 90.62, 35.36, 1.7995
FILLER_0_8_175, 90.62, 35.36, 1.7995
_277_, 26.792, 35.36, 1.79932
_426_, 26.792, 35.36, 1.79932
FILLER_0_9_39, 26.792, 35.36, 1.79932
FILLER_0_9_48, 26.792, 35.36, 1.79932
FILLER_0_9_57, 26.792, 35.36, 1.79932
_276_, 48.067, 35.36, 1.79949
_380_, 48.067, 35.36, 1.79949
FILLER_0_9_91, 48.067, 35.36, 1.79949
FILLER_0_9_102, 48.067, 35.36, 1.79949
_422_, 69.342, 35.36, 1.79954
_470_, 69.342, 35.36, 1.79954
hold6, 69.342, 35.36, 1.79954
FILLER_0_8_131, 69.342, 35.36, 1.79954
_466_, 5.52, 29.92, 1.79922
PHY_12, 5.52, 29.92, 1.79922
PHY_14, 5.52, 29.92, 1.79922
PHY_13, 90.62, 29.92, 1.7995
PHY_15, 90.62, 29.92, 1.7995
output29, 90.62, 29.92, 1.7995
_300_, 26.792, 29.92, 1.79924
_425_, 26.792, 29.92, 1.79924
clkbuf_2_0__f_SCK, 26.792, 29.92, 1.79924
FILLER_0_6_41, 26.792, 29.92, 1.79924
FILLER_0_7_50, 26.792, 29.92, 1.79924
FILLER_0_8_53, 26.792, 29.92, 1.79924
_273_, 48.067, 29.92, 1.79942
_292_, 48.067, 29.92, 1.79942
_482_, 48.067, 29.92, 1.79942
FILLER_0_7_104, 48.067, 29.92, 1.79942
FILLER_0_6_133, 69.342, 29.92, 1.79953
PHY_8, 5.52, 24.48, 1.79925
PHY_10, 5.52, 24.48, 1.79925
PHY_9, 90.62, 24.48, 1.79947
PHY_11, 90.62, 24.48, 1.79947
FILLER_0_5_175, 90.62, 24.48, 1.79947
_301_, 26.792, 24.48, 1.79928
_304_, 26.792, 24.48, 1.79928
FILLER_0_5_50, 26.792, 24.48, 1.79928
_272_, 48.067, 24.48, 1.79936
_312_, 48.067, 24.48, 1.79936
_319_, 48.067, 24.48, 1.79936
clkbuf_2_1__f_SCK, 48.067, 24.48, 1.79936
FILLER_0_5_84, 48.067, 24.48, 1.79936
_288_, 69.342, 24.48, 1.79947
_419_, 69.342, 24.48, 1.79947
_476_, 69.342, 24.48, 1.79947
FILLER_0_4_134, 69.342, 24.48, 1.79947
FILLER_0_6_141, 69.342, 24.48, 1.79947
PHY_4, 5.52, 19.04, 1.7992
PHY_6, 5.52, 19.04, 1.7992
output28, 5.52, 19.04, 1.7992
PHY_5, 90.62, 19.04, 1.79945
PHY_7, 90.62, 19.04, 1.79945
output25, 90.62, 19.04, 1.79945
_435_, 26.792, 19.04, 1.79926
_472_, 26.792, 19.04, 1.79926
output27, 26.792, 19.04, 1.79926
hold19, 26.792, 19.04, 1.79926
FILLER_0_3_48, 26.792, 19.04, 1.79926
FILLER_0_4_54, 26.792, 19.04, 1.79926
_266_, 48.067, 19.04, 1.79942
_313_, 48.067, 19.04, 1.79942
_314_, 48.067, 19.04, 1.79942
_415_, 48.067, 19.04, 1.79942
FILLER_0_3_101, 48.067, 19.04, 1.79942
_289_, 69.342, 19.04, 1.7995
_430_, 69.342, 19.04, 1.7995
FILLER_0_2_136, 69.342, 19.04, 1.7995
FILLER_0_4_141, 69.342, 19.04, 1.7995
FILLER_0_4_150, 69.342, 19.04, 1.7995
_396_, 5.52, 13.6, 1.79915
PHY_0, 5.52, 13.6, 1.79915
PHY_2, 5.52, 13.6, 1.79915
output20, 5.52, 13.6, 1.79915
output26, 5.52, 13.6, 1.79915
FILLER_0_0_3, 5.52, 13.6, 1.79915
PHY_1, 90.62, 13.6, 1.79942
PHY_3, 90.62, 13.6, 1.79942
input6, 90.62, 13.6, 1.79942
output15, 90.62, 13.6, 1.79942
FILLER_0_1_178, 90.62, 13.6, 1.79942
_427_, 26.792, 13.6, 1.79926
_434_, 26.792, 13.6, 1.79926
_499_, 26.792, 13.6, 1.79926
output21, 26.792, 13.6, 1.79926
hold23, 26.792, 13.6, 1.79926
FILLER_0_0_38, 26.792, 13.6, 1.79926
FILLER_0_1_57, 26.792, 13.6, 1.79926
_224_, 48.067, 13.6, 1.79941
_315_, 48.067, 13.6, 1.79941
input1, 48.067, 13.6, 1.79941
FILLER_0_0_97, 48.067, 13.6, 1.79941
FILLER_0_0_104, 48.067, 13.6, 1.79941
FILLER_0_1_86, 48.067, 13.6, 1.79941
FILLER_0_1_103, 48.067, 13.6, 1.79941
_282_, 69.342, 13.6, 1.79944
_283_, 69.342, 13.6, 1.79944
_433_, 69.342, 13.6, 1.79944
_479_, 69.342, 13.6, 1.79944
output23, 69.342, 13.6, 1.79944

