Instance name,  X location,  Y location,  Voltage 
PHY_59, 90.615, 92.48, 0.000601227
PHY_61, 90.615, 92.48, 0.000601227
output31, 90.615, 92.48, 0.000601227
FILLER_0_29_177, 90.615, 92.48, 0.000601227
PHY_55, 90.615, 87.04, 0.00060454
PHY_57, 90.615, 87.04, 0.00060454
output32, 90.615, 87.04, 0.00060454
_394_, 90.615, 81.6, 0.000591566
PHY_51, 90.615, 81.6, 0.000591566
PHY_53, 90.615, 81.6, 0.000591566
FILLER_0_25_178, 90.615, 81.6, 0.000591566
PHY_47, 90.615, 76.16, 0.000585624
PHY_49, 90.615, 76.16, 0.000585624
input9, 90.615, 76.16, 0.000585624
_237_, 90.615, 70.72, 0.000589809
PHY_43, 90.615, 70.72, 0.000589809
PHY_45, 90.615, 70.72, 0.000589809
FILLER_0_22_177, 90.615, 70.72, 0.000589809
_390_, 90.615, 65.28, 0.000606802
_392_, 90.615, 65.28, 0.000606802
PHY_39, 90.615, 65.28, 0.000606802
PHY_41, 90.615, 65.28, 0.000606802
output16, 90.615, 65.28, 0.000606802
PHY_35, 90.615, 59.84, 0.000567096
PHY_37, 90.615, 59.84, 0.000567096
hold21, 90.615, 59.84, 0.000567096
PHY_31, 90.615, 54.4, 0.000591669
PHY_33, 90.615, 54.4, 0.000591669
output37, 90.615, 54.4, 0.000591669
PHY_27, 90.615, 48.96, 0.000574523
PHY_29, 90.615, 48.96, 0.000574523
FILLER_0_13_178, 90.615, 48.96, 0.000574523
PHY_23, 90.615, 43.52, 0.000601621
PHY_25, 90.615, 43.52, 0.000601621
output22, 90.615, 43.52, 0.000601621
FILLER_0_12_176, 90.615, 43.52, 0.000601621
PHY_19, 90.615, 38.08, 0.000581792
PHY_21, 90.615, 38.08, 0.000581792
FILLER_0_10_175, 90.615, 38.08, 0.000581792
PHY_15, 90.615, 32.64, 0.000589475
PHY_17, 90.615, 32.64, 0.000589475
output29, 90.615, 32.64, 0.000589475
FILLER_0_8_175, 90.615, 32.64, 0.000589475
PHY_11, 90.615, 27.2, 0.000594766
PHY_13, 90.615, 27.2, 0.000594766
FILLER_0_5_175, 90.615, 27.2, 0.000594766
PHY_7, 90.615, 21.76, 0.000607809
PHY_9, 90.615, 21.76, 0.000607809
PHY_3, 90.615, 16.32, 0.000620264
PHY_5, 90.615, 16.32, 0.000620264
input6, 90.615, 16.32, 0.000620264
output25, 90.615, 16.32, 0.000620264
FILLER_0_1_178, 90.615, 16.32, 0.000620264
PHY_1, 90.615, 10.88, 0.000612236
output15, 90.615, 10.88, 0.000612236
_446__3, 69.34, 92.48, 0.000579239
_491_, 69.34, 92.48, 0.000579239
input4, 69.34, 92.48, 0.000579239
output12, 69.34, 92.48, 0.000579239
FILLER_0_30_135, 69.34, 92.48, 0.000579239
FILLER_0_30_141, 69.34, 92.48, 0.000579239
_257_, 69.34, 87.04, 0.000561083
_258_, 69.34, 87.04, 0.000561083
hold5, 69.34, 87.04, 0.000561083
FILLER_0_28_136, 69.34, 87.04, 0.000561083
_437_, 69.34, 81.6, 0.000552274
_452__9, 69.34, 81.6, 0.000552274
FILLER_0_26_141, 69.34, 81.6, 0.000552274
_249_, 69.34, 76.16, 0.000557135
_407_, 69.34, 76.16, 0.000557135
_497_, 69.34, 76.16, 0.000557135
FILLER_0_24_133, 69.34, 76.16, 0.000557135
FILLER_0_25_143, 69.34, 76.16, 0.000557135
_369_, 69.34, 70.72, 0.00056571
clkbuf_0__221_, 69.34, 70.72, 0.00056571
hold1, 69.34, 70.72, 0.00056571
hold2, 69.34, 70.72, 0.00056571
hold3, 69.34, 65.28, 0.000536192
hold4, 69.34, 65.28, 0.000536192
FILLER_0_20_137, 69.34, 65.28, 0.000536192
FILLER_0_20_149, 69.34, 65.28, 0.000536192
FILLER_0_21_148, 69.34, 65.28, 0.000536192
_260_, 69.34, 59.84, 0.000498981
_405_, 69.34, 59.84, 0.000498981
FILLER_0_18_133, 69.34, 59.84, 0.000498981
FILLER_0_18_141, 69.34, 59.84, 0.000498981
FILLER_0_19_144, 69.34, 59.84, 0.000498981
_440__2, 69.34, 54.4, 0.000557389
_485_, 69.34, 54.4, 0.000557389
clkbuf_1_0__f__221_, 69.34, 54.4, 0.000557389
_263_, 69.34, 48.96, 0.000512539
_449__6, 69.34, 48.96, 0.000512539
FILLER_0_15_149, 69.34, 48.96, 0.000512539
_230_, 69.34, 43.52, 0.000557664
_423_, 69.34, 43.52, 0.000557664
_494_, 69.34, 43.52, 0.000557664
FILLER_0_12_150, 69.34, 43.52, 0.000557664
_308_, 69.34, 38.08, 0.000543486
_470_, 69.34, 38.08, 0.000543486
hold6, 69.34, 38.08, 0.000543486
FILLER_0_10_135, 69.34, 38.08, 0.000543486
_422_, 69.34, 32.64, 0.000553879
FILLER_0_8_131, 69.34, 32.64, 0.000553879
_288_, 69.34, 27.2, 0.000580295
FILLER_0_6_133, 69.34, 27.2, 0.000580295
FILLER_0_6_141, 69.34, 27.2, 0.000580295
_289_, 69.34, 21.76, 0.000594483
_419_, 69.34, 21.76, 0.000594483
_430_, 69.34, 21.76, 0.000594483
_476_, 69.34, 21.76, 0.000594483
FILLER_0_4_134, 69.34, 21.76, 0.000594483
FILLER_0_4_141, 69.34, 21.76, 0.000594483
FILLER_0_4_150, 69.34, 21.76, 0.000594483
_433_, 69.34, 16.32, 0.000592339
_479_, 69.34, 16.32, 0.000592339
FILLER_0_2_136, 69.34, 16.32, 0.000592339
_282_, 69.34, 10.88, 0.000582952
_283_, 69.34, 10.88, 0.000582952
output23, 69.34, 10.88, 0.000582952
_401_, 48.065, 92.48, 0.000463333
input3, 48.065, 92.48, 0.000463333
output34, 48.065, 92.48, 0.000463333
FILLER_0_29_91, 48.065, 92.48, 0.000463333
FILLER_0_30_91, 48.065, 92.48, 0.000463333
FILLER_0_30_104, 48.065, 92.48, 0.000463333
_256_, 48.065, 87.04, 0.000453799
_408_, 48.065, 87.04, 0.000453799
_447__4, 48.065, 87.04, 0.000453799
_492_, 48.065, 87.04, 0.000453799
FILLER_0_29_101, 48.065, 87.04, 0.000453799
_253_, 48.065, 81.6, 0.000425398
_483_, 48.065, 81.6, 0.000425398
FILLER_0_27_96, 48.065, 81.6, 0.000425398
_271_, 48.065, 76.16, 0.000453956
_412_, 48.065, 76.16, 0.000453956
clkbuf_1_1__f__221_, 48.065, 76.16, 0.000453956
FILLER_0_24_88, 48.065, 76.16, 0.000453956
_442_, 48.065, 70.72, 0.000374567
hold8, 48.065, 70.72, 0.000374567
_274_, 48.065, 65.28, 0.000388731
_377_, 48.065, 65.28, 0.000388731
_445_, 48.065, 65.28, 0.000388731
clkbuf_2_3__f_SCK, 48.065, 65.28, 0.000388731
hold7, 48.065, 65.28, 0.000388731
FILLER_0_19_86, 48.065, 65.28, 0.000388731
FILLER_0_20_93, 48.065, 65.28, 0.000388731
_376_, 48.065, 59.84, 0.000309341
_490_, 48.065, 59.84, 0.000309341
hold11, 48.065, 59.84, 0.000309341
_225_, 48.065, 54.4, 0.000325585
_443_, 48.065, 54.4, 0.000325585
clkbuf_0_SCK, 48.065, 54.4, 0.000325585
_456_, 48.065, 54.4, 0.000325585
FILLER_0_16_81, 48.065, 54.4, 0.000325585
FILLER_0_16_88, 48.065, 54.4, 0.000325585
FILLER_0_17_97, 48.065, 54.4, 0.000325585
_484_, 48.065, 48.96, 0.000321131
hold18, 48.065, 48.96, 0.000321131
FILLER_0_13_81, 48.065, 48.96, 0.000321131
FILLER_0_15_103, 48.065, 48.96, 0.000321131
_267_, 48.065, 43.52, 0.000379808
_269_, 48.065, 43.52, 0.000379808
_270_, 48.065, 43.52, 0.000379808
_371_, 48.065, 43.52, 0.000379808
FILLER_0_12_85, 48.065, 43.52, 0.000379808
_275_, 48.065, 38.08, 0.000400498
_380_, 48.065, 38.08, 0.000400498
_439_, 48.065, 38.08, 0.000400498
FILLER_0_9_91, 48.065, 38.08, 0.000400498
_276_, 48.065, 32.64, 0.000435437
_482_, 48.065, 32.64, 0.000435437
FILLER_0_9_102, 48.065, 32.64, 0.000435437
_272_, 48.065, 27.2, 0.000535451
_273_, 48.065, 27.2, 0.000535451
_292_, 48.065, 27.2, 0.000535451
clkbuf_2_1__f_SCK, 48.065, 27.2, 0.000535451
FILLER_0_5_84, 48.065, 27.2, 0.000535451
FILLER_0_7_104, 48.065, 27.2, 0.000535451
_266_, 48.065, 21.76, 0.000500503
_312_, 48.065, 21.76, 0.000500503
_319_, 48.065, 21.76, 0.000500503
_313_, 48.065, 16.32, 0.000502756
_314_, 48.065, 16.32, 0.000502756
_315_, 48.065, 16.32, 0.000502756
_415_, 48.065, 16.32, 0.000502756
FILLER_0_1_86, 48.065, 16.32, 0.000502756
FILLER_0_3_101, 48.065, 16.32, 0.000502756
_224_, 48.065, 10.88, 0.000489646
input1, 48.065, 10.88, 0.000489646
FILLER_0_0_97, 48.065, 10.88, 0.000489646
FILLER_0_0_104, 48.065, 10.88, 0.000489646
FILLER_0_1_103, 48.065, 10.88, 0.000489646
input10, 26.79, 92.48, 0.000563791
FILLER_0_30_53, 26.79, 92.48, 0.000563791
_356_, 26.79, 87.04, 0.00060911
_357_, 26.79, 87.04, 0.00060911
_410_, 26.79, 87.04, 0.00060911
_461_, 26.79, 87.04, 0.00060911
FILLER_0_27_39, 26.79, 87.04, 0.00060911
FILLER_0_29_49, 26.79, 87.04, 0.00060911
FILLER_0_29_57, 26.79, 87.04, 0.00060911
_355_, 26.79, 81.6, 0.000539488
_411_, 26.79, 81.6, 0.000539488
FILLER_0_25_39, 26.79, 81.6, 0.000539488
FILLER_0_27_51, 26.79, 81.6, 0.000539488
_348_, 26.79, 76.16, 0.000571045
_350_, 26.79, 76.16, 0.000571045
_353_, 26.79, 76.16, 0.000571045
_354_, 26.79, 76.16, 0.000571045
_409_, 26.79, 76.16, 0.000571045
FILLER_0_23_46, 26.79, 76.16, 0.000571045
FILLER_0_25_57, 26.79, 76.16, 0.000571045
_346_, 26.79, 70.72, 0.000520982
_349_, 26.79, 70.72, 0.000520982
FILLER_0_22_41, 26.79, 70.72, 0.000520982
_324_, 26.79, 65.28, 0.000578029
_325_, 26.79, 65.28, 0.000578029
_345_, 26.79, 65.28, 0.000578029
_347_, 26.79, 65.28, 0.000578029
clkbuf_2_2__f_SCK, 26.79, 65.28, 0.000578029
FILLER_0_19_40, 26.79, 65.28, 0.000578029
_340_, 26.79, 59.84, 0.000508968
_463_, 26.79, 59.84, 0.000508968
FILLER_0_18_41, 26.79, 59.84, 0.000508968
FILLER_0_19_48, 26.79, 59.84, 0.000508968
_338_, 26.79, 54.4, 0.00052159
_339_, 26.79, 54.4, 0.00052159
_403_, 26.79, 54.4, 0.00052159
FILLER_0_16_51, 26.79, 54.4, 0.00052159
_379_, 26.79, 48.96, 0.000524626
_489_, 26.79, 48.96, 0.000524626
_310_, 26.79, 43.52, 0.000546573
_444_, 26.79, 43.52, 0.000546573
FILLER_0_11_38, 26.79, 43.52, 0.000546573
FILLER_0_13_49, 26.79, 43.52, 0.000546573
FILLER_0_13_57, 26.79, 43.52, 0.000546573
_277_, 26.79, 38.08, 0.000585339
_426_, 26.79, 38.08, 0.000585339
_441_, 26.79, 38.08, 0.000585339
_486_, 26.79, 38.08, 0.000585339
FILLER_0_9_39, 26.79, 38.08, 0.000585339
FILLER_0_11_50, 26.79, 38.08, 0.000585339
FILLER_0_11_57, 26.79, 38.08, 0.000585339
_425_, 26.79, 32.64, 0.000558259
FILLER_0_8_53, 26.79, 32.64, 0.000558259
FILLER_0_9_48, 26.79, 32.64, 0.000558259
FILLER_0_9_57, 26.79, 32.64, 0.000558259
_300_, 26.79, 27.2, 0.000647003
clkbuf_2_0__f_SCK, 26.79, 27.2, 0.000647003
FILLER_0_6_41, 26.79, 27.2, 0.000647003
FILLER_0_7_50, 26.79, 27.2, 0.000647003
_301_, 26.79, 21.76, 0.000628011
_304_, 26.79, 21.76, 0.000628011
_435_, 26.79, 21.76, 0.000628011
hold19, 26.79, 21.76, 0.000628011
FILLER_0_4_54, 26.79, 21.76, 0.000628011
FILLER_0_5_50, 26.79, 21.76, 0.000628011
_427_, 26.79, 16.32, 0.000619952
_472_, 26.79, 16.32, 0.000619952
output27, 26.79, 16.32, 0.000619952
FILLER_0_3_48, 26.79, 16.32, 0.000619952
_434_, 26.79, 10.88, 0.00064107
_499_, 26.79, 10.88, 0.00064107
output21, 26.79, 10.88, 0.00064107
hold23, 26.79, 10.88, 0.00064107
FILLER_0_0_38, 26.79, 10.88, 0.00064107
FILLER_0_1_57, 26.79, 10.88, 0.00064107
PHY_58, 5.52, 92.48, 0.000616576
PHY_60, 5.52, 92.48, 0.000616576
output36, 5.52, 92.48, 0.000616576
input5, 16.155, 92.48, 0.000590525
FILLER_0_29_15, 16.155, 92.48, 0.000590525
FILLER_0_29_23, 16.155, 92.48, 0.000590525
FILLER_0_30_29, 16.155, 92.48, 0.000590525
_368_, 37.427, 92.48, 0.00053623
_458_, 37.427, 92.48, 0.00053623
output33, 37.427, 92.48, 0.00053623
FILLER_0_30_77, 37.427, 92.48, 0.00053623
_255_, 58.702, 92.48, 0.00052847
hold13, 58.702, 92.48, 0.00052847
FILLER_0_29_109, 58.702, 92.48, 0.00052847
FILLER_0_30_123, 58.702, 92.48, 0.00052847
_229_, 79.977, 92.48, 0.000607404
_231_, 79.977, 92.48, 0.000607404
output24, 79.977, 92.48, 0.000607404
FILLER_0_30_165, 79.977, 92.48, 0.000607404
PHY_54, 5.52, 87.04, 0.000733644
PHY_56, 5.52, 87.04, 0.000733644
output13, 5.52, 87.04, 0.000733644
output19, 5.52, 87.04, 0.000733644
_361_, 16.155, 87.04, 0.000688787
_460_, 16.155, 87.04, 0.000688787
FILLER_0_28_32, 16.155, 87.04, 0.000688787
_367_, 37.427, 87.04, 0.000536176
_400_, 37.427, 87.04, 0.000536176
_250_, 58.702, 87.04, 0.000516286
_254_, 58.702, 87.04, 0.000516286
_259_, 58.702, 87.04, 0.000516286
FILLER_0_27_105, 58.702, 87.04, 0.000516286
FILLER_0_28_121, 58.702, 87.04, 0.000516286
_232_, 79.977, 87.04, 0.000600692
_399_, 79.977, 87.04, 0.000600692
_453__10, 79.977, 87.04, 0.000600692
_498_, 79.977, 87.04, 0.000600692
hold17, 79.977, 87.04, 0.000600692
FILLER_0_27_161, 79.977, 87.04, 0.000600692
FILLER_0_28_152, 79.977, 87.04, 0.000600692
_387_, 5.52, 81.6, 0.000562001
PHY_50, 5.52, 81.6, 0.000562001
PHY_52, 5.52, 81.6, 0.000562001
FILLER_0_26_3, 5.52, 81.6, 0.000562001
_359_, 16.155, 81.6, 0.000558095
_360_, 16.155, 81.6, 0.000558095
FILLER_0_25_16, 16.155, 81.6, 0.000558095
FILLER_0_26_22, 16.155, 81.6, 0.000558095
_351_, 37.427, 81.6, 0.000488399
_352_, 37.427, 81.6, 0.000488399
FILLER_0_26_62, 37.427, 81.6, 0.000488399
_251_, 58.702, 81.6, 0.000498314
_252_, 58.702, 81.6, 0.000498314
_448__5, 58.702, 81.6, 0.000498314
_438__1, 58.702, 81.6, 0.000498314
FILLER_0_25_113, 58.702, 81.6, 0.000498314
_226_, 79.977, 81.6, 0.000585936
output17, 79.977, 81.6, 0.000585936
hold22, 79.977, 81.6, 0.000585936
FILLER_0_26_164, 79.977, 81.6, 0.000585936
_386_, 5.52, 76.16, 0.000641362
_459_, 5.52, 76.16, 0.000641362
PHY_46, 5.52, 76.16, 0.000641362
PHY_48, 5.52, 76.16, 0.000641362
FILLER_0_25_3, 5.52, 76.16, 0.000641362
FILLER_0_24_29, 16.155, 76.16, 0.000606204
_332_, 37.427, 76.16, 0.000529085
_393_, 37.427, 76.16, 0.000529085
_462_, 37.427, 76.16, 0.000529085
FILLER_0_24_62, 37.427, 76.16, 0.000529085
FILLER_0_24_77, 37.427, 76.16, 0.000529085
_385_, 58.702, 76.16, 0.000520276
_493_, 58.702, 76.16, 0.000520276
FILLER_0_24_121, 58.702, 76.16, 0.000520276
_233_, 79.977, 76.16, 0.00057756
_235_, 79.977, 76.16, 0.00057756
_236_, 79.977, 76.16, 0.00057756
FILLER_0_24_172, 79.977, 76.16, 0.00057756
_364_, 5.52, 70.72, 0.000558357
_365_, 5.52, 70.72, 0.000558357
PHY_42, 5.52, 70.72, 0.000558357
PHY_44, 5.52, 70.72, 0.000558357
input2, 5.52, 70.72, 0.000558357
FILLER_0_22_3, 5.52, 70.72, 0.000558357
_363_, 16.155, 70.72, 0.000543702
_388_, 16.155, 70.72, 0.000543702
_391_, 37.427, 70.72, 0.000451372
FILLER_0_21_61, 37.427, 70.72, 0.000451372
FILLER_0_22_77, 37.427, 70.72, 0.000451372
_370_, 58.702, 70.72, 0.000480661
_384_, 58.702, 70.72, 0.000480661
_457_, 58.702, 70.72, 0.000480661
FILLER_0_21_106, 58.702, 70.72, 0.000480661
FILLER_0_22_108, 58.702, 70.72, 0.000480661
FILLER_0_22_114, 58.702, 70.72, 0.000480661
FILLER_0_23_119, 58.702, 70.72, 0.000480661
_234_, 79.977, 70.72, 0.00058662
_239_, 79.977, 70.72, 0.00058662
_240_, 79.977, 70.72, 0.00058662
PHY_38, 5.52, 65.28, 0.000592609
PHY_40, 5.52, 65.28, 0.000592609
input8, 5.52, 65.28, 0.000592609
FILLER_0_20_6, 5.52, 65.28, 0.000592609
FILLER_0_21_3, 5.52, 65.28, 0.000592609
_343_, 16.155, 65.28, 0.000591792
_344_, 16.155, 65.28, 0.000591792
_358_, 16.155, 65.28, 0.000591792
_362_, 16.155, 65.28, 0.000591792
FILLER_0_20_14, 16.155, 65.28, 0.000591792
FILLER_0_20_20, 16.155, 65.28, 0.000591792
FILLER_0_20_29, 16.155, 65.28, 0.000591792
_389_, 37.427, 65.28, 0.000493394
_413_, 37.427, 65.28, 0.000493394
_487_, 37.427, 65.28, 0.000493394
FILLER_0_20_74, 37.427, 65.28, 0.000493394
_373_, 58.702, 65.28, 0.000467018
hold10, 58.702, 65.28, 0.000467018
FILLER_0_21_125, 58.702, 65.28, 0.000467018
_238_, 79.977, 65.28, 0.000590195
_451__8, 79.977, 65.28, 0.000590195
_496_, 79.977, 65.28, 0.000590195
hold16, 79.977, 65.28, 0.000590195
FILLER_0_21_163, 79.977, 65.28, 0.000590195
_397_, 5.52, 59.84, 0.000523144
PHY_34, 5.52, 59.84, 0.000523144
PHY_36, 5.52, 59.84, 0.000523144
FILLER_0_19_3, 5.52, 59.84, 0.000523144
_326_, 16.155, 59.84, 0.000517059
_333_, 16.155, 59.84, 0.000517059
_334_, 16.155, 59.84, 0.000517059
FILLER_0_18_23, 16.155, 59.84, 0.000517059
_317_, 37.427, 59.84, 0.000413158
_382_, 37.427, 59.84, 0.000413158
_402_, 37.427, 59.84, 0.000413158
_223_, 58.702, 59.84, 0.000411459
_398_, 58.702, 59.84, 0.000411459
_406_, 58.702, 59.84, 0.000411459
_455_, 58.702, 59.84, 0.000411459
FILLER_0_18_123, 58.702, 59.84, 0.000411459
FILLER_0_19_121, 58.702, 59.84, 0.000411459
_241_, 79.977, 59.84, 0.00053338
_245_, 79.977, 59.84, 0.00053338
FILLER_0_18_151, 79.977, 59.84, 0.00053338
FILLER_0_18_164, 79.977, 59.84, 0.00053338
FILLER_0_18_173, 79.977, 59.84, 0.00053338
FILLER_0_19_162, 79.977, 59.84, 0.00053338
FILLER_0_19_169, 79.977, 59.84, 0.00053338
_335_, 5.52, 54.4, 0.000586445
_395_, 5.52, 54.4, 0.000586445
PHY_30, 5.52, 54.4, 0.000586445
PHY_32, 5.52, 54.4, 0.000586445
output14, 5.52, 54.4, 0.000586445
FILLER_0_17_3, 5.52, 54.4, 0.000586445
_341_, 16.155, 54.4, 0.000557071
FILLER_0_15_18, 16.155, 54.4, 0.000557071
FILLER_0_16_17, 16.155, 54.4, 0.000557071
FILLER_0_16_25, 16.155, 54.4, 0.000557071
FILLER_0_16_29, 16.155, 54.4, 0.000557071
FILLER_0_17_24, 16.155, 54.4, 0.000557071
_378_, 37.427, 54.4, 0.000441775
_488_, 37.427, 54.4, 0.000441775
FILLER_0_15_60, 37.427, 54.4, 0.000441775
FILLER_0_16_73, 37.427, 54.4, 0.000441775
_404_, 58.702, 54.4, 0.00044987
_454_, 58.702, 54.4, 0.00044987
FILLER_0_15_113, 58.702, 54.4, 0.00044987
FILLER_0_17_116, 58.702, 54.4, 0.00044987
_244_, 79.977, 54.4, 0.000587434
_495_, 79.977, 54.4, 0.000587434
hold9, 79.977, 54.4, 0.000587434
FILLER_0_17_169, 79.977, 54.4, 0.000587434
_336_, 5.52, 48.96, 0.000571185
_337_, 5.52, 48.96, 0.000571185
PHY_26, 5.52, 48.96, 0.000571185
PHY_28, 5.52, 48.96, 0.000571185
FILLER_0_14_3, 5.52, 48.96, 0.000571185
FILLER_0_15_3, 5.52, 48.96, 0.000571185
_342_, 16.155, 48.96, 0.000562534
_464_, 16.155, 48.96, 0.000562534
FILLER_0_14_22, 16.155, 48.96, 0.000562534
FILLER_0_15_26, 16.155, 48.96, 0.000562534
_316_, 37.427, 48.96, 0.00043516
_318_, 37.427, 48.96, 0.00043516
_366_, 37.427, 48.96, 0.00043516
FILLER_0_14_76, 37.427, 48.96, 0.00043516
FILLER_0_15_79, 37.427, 48.96, 0.00043516
_307_, 58.702, 48.96, 0.00042297
_372_, 58.702, 48.96, 0.00042297
_375_, 58.702, 48.96, 0.00042297
hold12, 58.702, 48.96, 0.00042297
FILLER_0_13_113, 58.702, 48.96, 0.00042297
FILLER_0_14_112, 58.702, 48.96, 0.00042297
FILLER_0_15_126, 58.702, 48.96, 0.00042297
_243_, 79.977, 48.96, 0.000556111
_246_, 79.977, 48.96, 0.000556111
_450__7, 79.977, 48.96, 0.000556111
hold15, 79.977, 48.96, 0.000556111
_222_, 5.52, 43.52, 0.000603194
_465_, 5.52, 43.52, 0.000603194
PHY_22, 5.52, 43.52, 0.000603194
PHY_24, 5.52, 43.52, 0.000603194
input11, 5.52, 43.52, 0.000603194
_322_, 16.155, 43.52, 0.000578318
_416_, 16.155, 43.52, 0.000578318
_417_, 16.155, 43.52, 0.000578318
FILLER_0_11_15, 16.155, 43.52, 0.000578318
FILLER_0_13_24, 16.155, 43.52, 0.000578318
_268_, 37.427, 43.52, 0.00049057
_311_, 37.427, 43.52, 0.00049057
_329_, 37.427, 43.52, 0.00049057
_306_, 58.702, 43.52, 0.000488589
_374_, 58.702, 43.52, 0.000488589
_471_, 58.702, 43.52, 0.000488589
hold24, 58.702, 43.52, 0.000488589
FILLER_0_11_108, 58.702, 43.52, 0.000488589
FILLER_0_12_125, 58.702, 43.52, 0.000488589
_242_, 79.977, 43.52, 0.000588755
_247_, 79.977, 43.52, 0.000588755
_248_, 79.977, 43.52, 0.000588755
FILLER_0_11_157, 79.977, 43.52, 0.000588755
FILLER_0_12_160, 79.977, 43.52, 0.000588755
_330_, 5.52, 38.08, 0.000619462
PHY_18, 5.52, 38.08, 0.000619462
PHY_20, 5.52, 38.08, 0.000619462
_321_, 16.155, 38.08, 0.000612552
_327_, 16.155, 38.08, 0.000612552
_414_, 16.155, 38.08, 0.000612552
hold14, 16.155, 38.08, 0.000612552
_264_, 37.427, 38.08, 0.000510935
_328_, 37.427, 38.08, 0.000510935
_381_, 37.427, 38.08, 0.000510935
_383_, 37.427, 38.08, 0.000510935
_305_, 58.702, 38.08, 0.000473249
_436_, 58.702, 38.08, 0.000473249
FILLER_0_9_113, 58.702, 38.08, 0.000473249
FILLER_0_10_109, 58.702, 38.08, 0.000473249
FILLER_0_10_125, 58.702, 38.08, 0.000473249
_290_, 79.977, 38.08, 0.000568673
_291_, 79.977, 38.08, 0.000568673
FILLER_0_11_165, 79.977, 38.08, 0.000568673
FILLER_0_11_169, 79.977, 38.08, 0.000568673
_331_, 5.52, 32.64, 0.000610169
_466_, 5.52, 32.64, 0.000610169
PHY_14, 5.52, 32.64, 0.000610169
PHY_16, 5.52, 32.64, 0.000610169
FILLER_0_9_3, 5.52, 32.64, 0.000610169
FILLER_0_9_10, 5.52, 32.64, 0.000610169
_323_, 16.155, 32.64, 0.000587222
_418_, 16.155, 32.64, 0.000587222
_302_, 37.427, 32.64, 0.000502111
_303_, 37.427, 32.64, 0.000502111
FILLER_0_8_74, 37.427, 32.64, 0.000502111
_228_, 58.702, 32.64, 0.000517538
_261_, 58.702, 32.64, 0.000517538
_262_, 58.702, 32.64, 0.000517538
_309_, 58.702, 32.64, 0.000517538
FILLER_0_7_113, 58.702, 32.64, 0.000517538
_429_, 79.977, 32.64, 0.000582089
_475_, 79.977, 32.64, 0.000582089
PHY_10, 5.52, 27.2, 0.000647003
PHY_12, 5.52, 27.2, 0.000647003
FILLER_0_7_27, 16.155, 27.2, 0.000647003
_293_, 37.427, 27.2, 0.000620687
_295_, 37.427, 27.2, 0.000620687
_298_, 37.427, 27.2, 0.000620687
_299_, 37.427, 27.2, 0.000620687
max_cap38, 37.427, 27.2, 0.000620687
FILLER_0_6_65, 37.427, 27.2, 0.000620687
FILLER_0_6_75, 37.427, 27.2, 0.000620687
FILLER_0_7_74, 37.427, 27.2, 0.000620687
_227_, 58.702, 27.2, 0.00057598
_265_, 58.702, 27.2, 0.00057598
_320_, 58.702, 27.2, 0.00057598
FILLER_0_5_106, 58.702, 27.2, 0.00057598
_286_, 79.977, 27.2, 0.000591534
FILLER_0_5_160, 79.977, 27.2, 0.000591534
FILLER_0_7_169, 79.977, 27.2, 0.000591534
PHY_6, 5.52, 21.76, 0.000715831
PHY_8, 5.52, 21.76, 0.000715831
output28, 5.52, 21.76, 0.000715831
_473_, 16.155, 21.76, 0.00069403
_481_, 16.155, 21.76, 0.00069403
FILLER_0_4_21, 16.155, 21.76, 0.00069403
FILLER_0_4_29, 16.155, 21.76, 0.00069403
_294_, 37.427, 21.76, 0.000571309
_296_, 37.427, 21.76, 0.000571309
_297_, 37.427, 21.76, 0.000571309
FILLER_0_4_65, 37.427, 21.76, 0.000571309
FILLER_0_4_77, 37.427, 21.76, 0.000571309
_467_, 58.702, 21.76, 0.000573586
_468_, 58.702, 21.76, 0.000573586
FILLER_0_3_109, 58.702, 21.76, 0.000573586
FILLER_0_4_121, 58.702, 21.76, 0.000573586
_287_, 79.977, 21.76, 0.000616089
_431_, 79.977, 21.76, 0.000616089
_477_, 79.977, 21.76, 0.000616089
FILLER_0_3_160, 79.977, 21.76, 0.000616089
FILLER_0_4_158, 79.977, 21.76, 0.000616089
PHY_2, 5.52, 16.32, 0.000642767
PHY_4, 5.52, 16.32, 0.000642767
_278_, 16.155, 16.32, 0.000642767
_279_, 16.155, 16.32, 0.000642767
hold20, 16.155, 16.32, 0.000642767
_424_, 37.427, 16.32, 0.000571989
_474_, 37.427, 16.32, 0.000571989
FILLER_0_2_78, 37.427, 16.32, 0.000571989
_420_, 58.702, 16.32, 0.000564285
_421_, 58.702, 16.32, 0.000564285
_469_, 58.702, 16.32, 0.000564285
FILLER_0_2_108, 58.702, 16.32, 0.000564285
_284_, 79.977, 16.32, 0.000620156
_478_, 79.977, 16.32, 0.000620156
_396_, 5.52, 10.88, 0.000790746
PHY_0, 5.52, 10.88, 0.000790746
output20, 5.52, 10.88, 0.000790746
output26, 5.52, 10.88, 0.000790746
FILLER_0_0_3, 5.52, 10.88, 0.000790746
_280_, 16.155, 10.88, 0.000743244
_281_, 16.155, 10.88, 0.000743244
_480_, 16.155, 10.88, 0.000743244
output18, 16.155, 10.88, 0.000743244
FILLER_0_0_20, 16.155, 10.88, 0.000743244
FILLER_0_1_24, 16.155, 10.88, 0.000743244
_428_, 37.427, 10.88, 0.000568211
output30, 37.427, 10.88, 0.000568211
FILLER_0_0_72, 37.427, 10.88, 0.000568211
output35, 58.702, 10.88, 0.000541849
FILLER_0_0_113, 58.702, 10.88, 0.000541849
FILLER_0_0_126, 58.702, 10.88, 0.000541849
_285_, 79.977, 10.88, 0.000600633
_432_, 79.977, 10.88, 0.000600633
input7, 79.977, 10.88, 0.000600633
FILLER_0_0_156, 79.977, 10.88, 0.000600633
FILLER_0_0_162, 79.977, 10.88, 0.000600633
FILLER_0_1_172, 79.977, 10.88, 0.000600633

