Netgen 1.5.255 compiled on Wed Jul 12 10:06:14 UTC 2023
Warning: netgen command 'format' use fully-qualified name '::netgen::format'
Warning: netgen command 'global' use fully-qualified name '::netgen::global'
Generating JSON file result
Reading netlist file /openlane/designs/housekeeping_spi/runs/manual_run/results/signoff/housekeeping_spi.spice
Reading netlist file /openlane/designs/housekeeping_spi/runs/manual_run/tmp/signoff/29-housekeeping_spi.pnl.v
Warning:  A case-insensitive file has been read and so the	verilog file must be treated case-insensitive to match.
Creating placeholder cell definition for module sky130_fd_sc_hd__decap_8.
Creating placeholder cell definition for module sky130_fd_sc_hd__fill_1.
Creating placeholder cell definition for module sky130_fd_sc_hd__decap_6.
Creating placeholder cell definition for module sky130_fd_sc_hd__fill_2.
Creating placeholder cell definition for module sky130_fd_sc_hd__decap_3.
Creating placeholder cell definition for module sky130_fd_sc_hd__decap_4.
Creating placeholder cell definition for module sky130_ef_sc_hd__decap_12.
Creating placeholder cell definition for module sky130_fd_sc_hd__tapvpwrvgnd_1.
Creating placeholder cell definition for module sky130_fd_sc_hd__buf_2.
Creating placeholder cell definition for module sky130_fd_sc_hd__clkbuf_4.
Creating placeholder cell definition for module sky130_fd_sc_hd__nor2_1.
Creating placeholder cell definition for module sky130_fd_sc_hd__or3_1.
Creating placeholder cell definition for module sky130_fd_sc_hd__mux2_1.
Creating placeholder cell definition for module sky130_fd_sc_hd__nand2_4.
Creating placeholder cell definition for module sky130_fd_sc_hd__clkbuf_1.
Creating placeholder cell definition for module sky130_fd_sc_hd__a22o_1.
Creating placeholder cell definition for module sky130_fd_sc_hd__and3_1.
Creating placeholder cell definition for module sky130_fd_sc_hd__o211a_1.
Creating placeholder cell definition for module sky130_fd_sc_hd__nand2_2.
Creating placeholder cell definition for module sky130_fd_sc_hd__inv_2.
Creating placeholder cell definition for module sky130_fd_sc_hd__a211o_1.
Creating placeholder cell definition for module sky130_fd_sc_hd__a32o_1.
Creating placeholder cell definition for module sky130_fd_sc_hd__nand2b_2.
Creating placeholder cell definition for module sky130_fd_sc_hd__a31oi_1.
Creating placeholder cell definition for module sky130_fd_sc_hd__a41o_1.
Creating placeholder cell definition for module sky130_fd_sc_hd__nor3b_2.
Creating placeholder cell definition for module sky130_fd_sc_hd__o2111a_1.
Creating placeholder cell definition for module sky130_fd_sc_hd__nand2_1.
Creating placeholder cell definition for module sky130_fd_sc_hd__a21oi_1.
Creating placeholder cell definition for module sky130_fd_sc_hd__a31o_1.
Creating placeholder cell definition for module sky130_fd_sc_hd__o31a_1.
Creating placeholder cell definition for module sky130_fd_sc_hd__or3b_1.
Creating placeholder cell definition for module sky130_fd_sc_hd__xnor2_1.
Creating placeholder cell definition for module sky130_fd_sc_hd__a21o_1.
Creating placeholder cell definition for module sky130_fd_sc_hd__o221ai_1.
Creating placeholder cell definition for module sky130_fd_sc_hd__or4b_1.
Creating placeholder cell definition for module sky130_fd_sc_hd__o21ai_1.
Creating placeholder cell definition for module sky130_fd_sc_hd__or3_2.
Creating placeholder cell definition for module sky130_fd_sc_hd__a21bo_1.
Creating placeholder cell definition for module sky130_fd_sc_hd__or2_1.
Creating placeholder cell definition for module sky130_fd_sc_hd__and2_1.
Creating placeholder cell definition for module sky130_fd_sc_hd__and3_2.
Creating placeholder cell definition for module sky130_fd_sc_hd__xor2_1.
Creating placeholder cell definition for module sky130_fd_sc_hd__or2b_1.
Creating placeholder cell definition for module sky130_fd_sc_hd__and4_1.
Creating placeholder cell definition for module sky130_fd_sc_hd__clkbuf_2.
Creating placeholder cell definition for module sky130_fd_sc_hd__o311a_1.
Creating placeholder cell definition for module sky130_fd_sc_hd__o21a_4.
Creating placeholder cell definition for module sky130_fd_sc_hd__o31ai_1.
Creating placeholder cell definition for module sky130_fd_sc_hd__a2bb2o_1.
Creating placeholder cell definition for module sky130_fd_sc_hd__o32a_1.
Creating placeholder cell definition for module sky130_fd_sc_hd__nand3_1.
Creating placeholder cell definition for module sky130_fd_sc_hd__or4_1.
Creating placeholder cell definition for module sky130_fd_sc_hd__o21a_1.
Creating placeholder cell definition for module sky130_fd_sc_hd__buf_1.
Creating placeholder cell definition for module sky130_fd_sc_hd__dfrtp_1.
Creating placeholder cell definition for module sky130_fd_sc_hd__dfrtp_4.
Creating placeholder cell definition for module sky130_fd_sc_hd__dfrtp_2.
Creating placeholder cell definition for module sky130_fd_sc_hd__dfstp_1.
Creating placeholder cell definition for module sky130_fd_sc_hd__dfstp_2.
Creating placeholder cell definition for module sky130_fd_sc_hd__clkbuf_16.
Creating placeholder cell definition for module sky130_fd_sc_hd__dlygate4sd3_1.
Creating placeholder cell definition for module sky130_fd_sc_hd__buf_6.

Reading setup file /home/codespace/.ciel/sky130A/libs.tech/netgen/sky130A_setup.tcl

Comparison output logged to file /openlane/designs/housekeeping_spi/runs/manual_run/logs/signoff/32-housekeeping_spi.lef.lvs.log
Logging to file "/openlane/designs/housekeeping_spi/runs/manual_run/logs/signoff/32-housekeeping_spi.lef.lvs.log" enabled

Contents of circuit 1:  Circuit: 'sky130_ef_sc_hd__decap_12'
Circuit sky130_ef_sc_hd__decap_12 contains 0 device instances.
Circuit contains 0 nets, and 4 disconnected pins.
Contents of circuit 2:  Circuit: 'sky130_ef_sc_hd__decap_12'
Circuit sky130_ef_sc_hd__decap_12 contains 0 device instances.
Circuit contains 0 nets.

Circuit sky130_ef_sc_hd__decap_12 contains no devices.

Contents of circuit 1:  Circuit: 'sky130_fd_sc_hd__mux2_1'
Circuit sky130_fd_sc_hd__mux2_1 contains 0 device instances.
Circuit contains 0 nets, and 8 disconnected pins.
Contents of circuit 2:  Circuit: 'sky130_fd_sc_hd__mux2_1'
Circuit sky130_fd_sc_hd__mux2_1 contains 0 device instances.
Circuit contains 0 nets.

Circuit sky130_fd_sc_hd__mux2_1 contains no devices.

Contents of circuit 1:  Circuit: 'sky130_fd_sc_hd__decap_8'
Circuit sky130_fd_sc_hd__decap_8 contains 0 device instances.
Circuit contains 0 nets, and 4 disconnected pins.
Contents of circuit 2:  Circuit: 'sky130_fd_sc_hd__decap_8'
Circuit sky130_fd_sc_hd__decap_8 contains 0 device instances.
Circuit contains 0 nets.

Circuit sky130_fd_sc_hd__decap_8 contains no devices.

Contents of circuit 1:  Circuit: 'sky130_fd_sc_hd__nor2_1'
Circuit sky130_fd_sc_hd__nor2_1 contains 0 device instances.
Circuit contains 0 nets, and 7 disconnected pins.
Contents of circuit 2:  Circuit: 'sky130_fd_sc_hd__nor2_1'
Circuit sky130_fd_sc_hd__nor2_1 contains 0 device instances.
Circuit contains 0 nets.

Circuit sky130_fd_sc_hd__nor2_1 contains no devices.

Contents of circuit 1:  Circuit: 'sky130_fd_sc_hd__nand2_1'
Circuit sky130_fd_sc_hd__nand2_1 contains 0 device instances.
Circuit contains 0 nets, and 7 disconnected pins.
Contents of circuit 2:  Circuit: 'sky130_fd_sc_hd__nand2_1'
Circuit sky130_fd_sc_hd__nand2_1 contains 0 device instances.
Circuit contains 0 nets.

Circuit sky130_fd_sc_hd__nand2_1 contains no devices.

Contents of circuit 1:  Circuit: 'sky130_fd_sc_hd__fill_2'
Circuit sky130_fd_sc_hd__fill_2 contains 0 device instances.
Circuit contains 0 nets, and 4 disconnected pins.
Contents of circuit 2:  Circuit: 'sky130_fd_sc_hd__fill_2'
Circuit sky130_fd_sc_hd__fill_2 contains 0 device instances.
Circuit contains 0 nets.

Circuit sky130_fd_sc_hd__fill_2 contains no devices.

Contents of circuit 1:  Circuit: 'sky130_fd_sc_hd__clkbuf_4'
Circuit sky130_fd_sc_hd__clkbuf_4 contains 0 device instances.
Circuit contains 0 nets, and 6 disconnected pins.
Contents of circuit 2:  Circuit: 'sky130_fd_sc_hd__clkbuf_4'
Circuit sky130_fd_sc_hd__clkbuf_4 contains 0 device instances.
Circuit contains 0 nets.

Circuit sky130_fd_sc_hd__clkbuf_4 contains no devices.

Contents of circuit 1:  Circuit: 'sky130_fd_sc_hd__fill_1'
Circuit sky130_fd_sc_hd__fill_1 contains 0 device instances.
Circuit contains 0 nets, and 4 disconnected pins.
Contents of circuit 2:  Circuit: 'sky130_fd_sc_hd__fill_1'
Circuit sky130_fd_sc_hd__fill_1 contains 0 device instances.
Circuit contains 0 nets.

Circuit sky130_fd_sc_hd__fill_1 contains no devices.

Contents of circuit 1:  Circuit: 'sky130_fd_sc_hd__nor3b_2'
Circuit sky130_fd_sc_hd__nor3b_2 contains 0 device instances.
Circuit contains 0 nets, and 8 disconnected pins.
Contents of circuit 2:  Circuit: 'sky130_fd_sc_hd__nor3b_2'
Circuit sky130_fd_sc_hd__nor3b_2 contains 0 device instances.
Circuit contains 0 nets.

Circuit sky130_fd_sc_hd__nor3b_2 contains no devices.

Contents of circuit 1:  Circuit: 'sky130_fd_sc_hd__decap_4'
Circuit sky130_fd_sc_hd__decap_4 contains 0 device instances.
Circuit contains 0 nets, and 4 disconnected pins.
Contents of circuit 2:  Circuit: 'sky130_fd_sc_hd__decap_4'
Circuit sky130_fd_sc_hd__decap_4 contains 0 device instances.
Circuit contains 0 nets.

Circuit sky130_fd_sc_hd__decap_4 contains no devices.

Contents of circuit 1:  Circuit: 'sky130_fd_sc_hd__o21a_4'
Circuit sky130_fd_sc_hd__o21a_4 contains 0 device instances.
Circuit contains 0 nets, and 8 disconnected pins.
Contents of circuit 2:  Circuit: 'sky130_fd_sc_hd__o21a_4'
Circuit sky130_fd_sc_hd__o21a_4 contains 0 device instances.
Circuit contains 0 nets.

Circuit sky130_fd_sc_hd__o21a_4 contains no devices.

Contents of circuit 1:  Circuit: 'sky130_fd_sc_hd__decap_6'
Circuit sky130_fd_sc_hd__decap_6 contains 0 device instances.
Circuit contains 0 nets, and 4 disconnected pins.
Contents of circuit 2:  Circuit: 'sky130_fd_sc_hd__decap_6'
Circuit sky130_fd_sc_hd__decap_6 contains 0 device instances.
Circuit contains 0 nets.

Circuit sky130_fd_sc_hd__decap_6 contains no devices.

Contents of circuit 1:  Circuit: 'sky130_fd_sc_hd__buf_2'
Circuit sky130_fd_sc_hd__buf_2 contains 0 device instances.
Circuit contains 0 nets, and 6 disconnected pins.
Contents of circuit 2:  Circuit: 'sky130_fd_sc_hd__buf_2'
Circuit sky130_fd_sc_hd__buf_2 contains 0 device instances.
Circuit contains 0 nets.

Circuit sky130_fd_sc_hd__buf_2 contains no devices.

Contents of circuit 1:  Circuit: 'sky130_fd_sc_hd__tapvpwrvgnd_1'
Circuit sky130_fd_sc_hd__tapvpwrvgnd_1 contains 0 device instances.
Circuit contains 0 nets, and 2 disconnected pins.
Contents of circuit 2:  Circuit: 'sky130_fd_sc_hd__tapvpwrvgnd_1'
Circuit sky130_fd_sc_hd__tapvpwrvgnd_1 contains 0 device instances.
Circuit contains 0 nets.

Circuit sky130_fd_sc_hd__tapvpwrvgnd_1 contains no devices.

Contents of circuit 1:  Circuit: 'sky130_fd_sc_hd__inv_2'
Circuit sky130_fd_sc_hd__inv_2 contains 0 device instances.
Circuit contains 0 nets, and 6 disconnected pins.
Contents of circuit 2:  Circuit: 'sky130_fd_sc_hd__inv_2'
Circuit sky130_fd_sc_hd__inv_2 contains 0 device instances.
Circuit contains 0 nets.

Circuit sky130_fd_sc_hd__inv_2 contains no devices.

Contents of circuit 1:  Circuit: 'sky130_fd_sc_hd__a32o_1'
Circuit sky130_fd_sc_hd__a32o_1 contains 0 device instances.
Circuit contains 0 nets, and 10 disconnected pins.
Contents of circuit 2:  Circuit: 'sky130_fd_sc_hd__a32o_1'
Circuit sky130_fd_sc_hd__a32o_1 contains 0 device instances.
Circuit contains 0 nets.

Circuit sky130_fd_sc_hd__a32o_1 contains no devices.

Contents of circuit 1:  Circuit: 'sky130_fd_sc_hd__a22o_1'
Circuit sky130_fd_sc_hd__a22o_1 contains 0 device instances.
Circuit contains 0 nets, and 9 disconnected pins.
Contents of circuit 2:  Circuit: 'sky130_fd_sc_hd__a22o_1'
Circuit sky130_fd_sc_hd__a22o_1 contains 0 device instances.
Circuit contains 0 nets.

Circuit sky130_fd_sc_hd__a22o_1 contains no devices.

Contents of circuit 1:  Circuit: 'sky130_fd_sc_hd__a41o_1'
Circuit sky130_fd_sc_hd__a41o_1 contains 0 device instances.
Circuit contains 0 nets, and 10 disconnected pins.
Contents of circuit 2:  Circuit: 'sky130_fd_sc_hd__a41o_1'
Circuit sky130_fd_sc_hd__a41o_1 contains 0 device instances.
Circuit contains 0 nets.

Circuit sky130_fd_sc_hd__a41o_1 contains no devices.

Contents of circuit 1:  Circuit: 'sky130_fd_sc_hd__decap_3'
Circuit sky130_fd_sc_hd__decap_3 contains 0 device instances.
Circuit contains 0 nets, and 4 disconnected pins.
Contents of circuit 2:  Circuit: 'sky130_fd_sc_hd__decap_3'
Circuit sky130_fd_sc_hd__decap_3 contains 0 device instances.
Circuit contains 0 nets.

Circuit sky130_fd_sc_hd__decap_3 contains no devices.

Contents of circuit 1:  Circuit: 'sky130_fd_sc_hd__o311a_1'
Circuit sky130_fd_sc_hd__o311a_1 contains 0 device instances.
Circuit contains 0 nets, and 10 disconnected pins.
Contents of circuit 2:  Circuit: 'sky130_fd_sc_hd__o311a_1'
Circuit sky130_fd_sc_hd__o311a_1 contains 0 device instances.
Circuit contains 0 nets.

Circuit sky130_fd_sc_hd__o311a_1 contains no devices.

Contents of circuit 1:  Circuit: 'sky130_fd_sc_hd__clkbuf_1'
Circuit sky130_fd_sc_hd__clkbuf_1 contains 0 device instances.
Circuit contains 0 nets, and 6 disconnected pins.
Contents of circuit 2:  Circuit: 'sky130_fd_sc_hd__clkbuf_1'
Circuit sky130_fd_sc_hd__clkbuf_1 contains 0 device instances.
Circuit contains 0 nets.

Circuit sky130_fd_sc_hd__clkbuf_1 contains no devices.

Contents of circuit 1:  Circuit: 'sky130_fd_sc_hd__o2111a_1'
Circuit sky130_fd_sc_hd__o2111a_1 contains 0 device instances.
Circuit contains 0 nets, and 10 disconnected pins.
Contents of circuit 2:  Circuit: 'sky130_fd_sc_hd__o2111a_1'
Circuit sky130_fd_sc_hd__o2111a_1 contains 0 device instances.
Circuit contains 0 nets.

Circuit sky130_fd_sc_hd__o2111a_1 contains no devices.

Contents of circuit 1:  Circuit: 'sky130_fd_sc_hd__a21oi_1'
Circuit sky130_fd_sc_hd__a21oi_1 contains 0 device instances.
Circuit contains 0 nets, and 8 disconnected pins.
Contents of circuit 2:  Circuit: 'sky130_fd_sc_hd__a21oi_1'
Circuit sky130_fd_sc_hd__a21oi_1 contains 0 device instances.
Circuit contains 0 nets.

Circuit sky130_fd_sc_hd__a21oi_1 contains no devices.

Contents of circuit 1:  Circuit: 'sky130_fd_sc_hd__a31oi_1'
Circuit sky130_fd_sc_hd__a31oi_1 contains 0 device instances.
Circuit contains 0 nets, and 9 disconnected pins.
Contents of circuit 2:  Circuit: 'sky130_fd_sc_hd__a31oi_1'
Circuit sky130_fd_sc_hd__a31oi_1 contains 0 device instances.
Circuit contains 0 nets.

Circuit sky130_fd_sc_hd__a31oi_1 contains no devices.

Contents of circuit 1:  Circuit: 'sky130_fd_sc_hd__dfrtp_1'
Circuit sky130_fd_sc_hd__dfrtp_1 contains 0 device instances.
Circuit contains 0 nets, and 8 disconnected pins.
Contents of circuit 2:  Circuit: 'sky130_fd_sc_hd__dfrtp_1'
Circuit sky130_fd_sc_hd__dfrtp_1 contains 0 device instances.
Circuit contains 0 nets.

Circuit sky130_fd_sc_hd__dfrtp_1 contains no devices.

Contents of circuit 1:  Circuit: 'sky130_fd_sc_hd__or2_1'
Circuit sky130_fd_sc_hd__or2_1 contains 0 device instances.
Circuit contains 0 nets, and 7 disconnected pins.
Contents of circuit 2:  Circuit: 'sky130_fd_sc_hd__or2_1'
Circuit sky130_fd_sc_hd__or2_1 contains 0 device instances.
Circuit contains 0 nets.

Circuit sky130_fd_sc_hd__or2_1 contains no devices.

Contents of circuit 1:  Circuit: 'sky130_fd_sc_hd__and4_1'
Circuit sky130_fd_sc_hd__and4_1 contains 0 device instances.
Circuit contains 0 nets, and 9 disconnected pins.
Contents of circuit 2:  Circuit: 'sky130_fd_sc_hd__and4_1'
Circuit sky130_fd_sc_hd__and4_1 contains 0 device instances.
Circuit contains 0 nets.

Circuit sky130_fd_sc_hd__and4_1 contains no devices.

Contents of circuit 1:  Circuit: 'sky130_fd_sc_hd__o21ai_1'
Circuit sky130_fd_sc_hd__o21ai_1 contains 0 device instances.
Circuit contains 0 nets, and 8 disconnected pins.
Contents of circuit 2:  Circuit: 'sky130_fd_sc_hd__o21ai_1'
Circuit sky130_fd_sc_hd__o21ai_1 contains 0 device instances.
Circuit contains 0 nets.

Circuit sky130_fd_sc_hd__o21ai_1 contains no devices.

Contents of circuit 1:  Circuit: 'sky130_fd_sc_hd__dfrtp_4'
Circuit sky130_fd_sc_hd__dfrtp_4 contains 0 device instances.
Circuit contains 0 nets, and 8 disconnected pins.
Contents of circuit 2:  Circuit: 'sky130_fd_sc_hd__dfrtp_4'
Circuit sky130_fd_sc_hd__dfrtp_4 contains 0 device instances.
Circuit contains 0 nets.

Circuit sky130_fd_sc_hd__dfrtp_4 contains no devices.

Contents of circuit 1:  Circuit: 'sky130_fd_sc_hd__clkbuf_2'
Circuit sky130_fd_sc_hd__clkbuf_2 contains 0 device instances.
Circuit contains 0 nets, and 6 disconnected pins.
Contents of circuit 2:  Circuit: 'sky130_fd_sc_hd__clkbuf_2'
Circuit sky130_fd_sc_hd__clkbuf_2 contains 0 device instances.
Circuit contains 0 nets.

Circuit sky130_fd_sc_hd__clkbuf_2 contains no devices.

Contents of circuit 1:  Circuit: 'sky130_fd_sc_hd__nand2b_2'
Circuit sky130_fd_sc_hd__nand2b_2 contains 0 device instances.
Circuit contains 0 nets, and 7 disconnected pins.
Contents of circuit 2:  Circuit: 'sky130_fd_sc_hd__nand2b_2'
Circuit sky130_fd_sc_hd__nand2b_2 contains 0 device instances.
Circuit contains 0 nets.

Circuit sky130_fd_sc_hd__nand2b_2 contains no devices.

Contents of circuit 1:  Circuit: 'sky130_fd_sc_hd__buf_6'
Circuit sky130_fd_sc_hd__buf_6 contains 0 device instances.
Circuit contains 0 nets, and 6 disconnected pins.
Contents of circuit 2:  Circuit: 'sky130_fd_sc_hd__buf_6'
Circuit sky130_fd_sc_hd__buf_6 contains 0 device instances.
Circuit contains 0 nets.

Circuit sky130_fd_sc_hd__buf_6 contains no devices.

Contents of circuit 1:  Circuit: 'sky130_fd_sc_hd__dfstp_2'
Circuit sky130_fd_sc_hd__dfstp_2 contains 0 device instances.
Circuit contains 0 nets, and 8 disconnected pins.
Contents of circuit 2:  Circuit: 'sky130_fd_sc_hd__dfstp_2'
Circuit sky130_fd_sc_hd__dfstp_2 contains 0 device instances.
Circuit contains 0 nets.

Circuit sky130_fd_sc_hd__dfstp_2 contains no devices.

Contents of circuit 1:  Circuit: 'sky130_fd_sc_hd__a2bb2o_1'
Circuit sky130_fd_sc_hd__a2bb2o_1 contains 0 device instances.
Circuit contains 0 nets, and 9 disconnected pins.
Contents of circuit 2:  Circuit: 'sky130_fd_sc_hd__a2bb2o_1'
Circuit sky130_fd_sc_hd__a2bb2o_1 contains 0 device instances.
Circuit contains 0 nets.

Circuit sky130_fd_sc_hd__a2bb2o_1 contains no devices.

Contents of circuit 1:  Circuit: 'sky130_fd_sc_hd__clkbuf_16'
Circuit sky130_fd_sc_hd__clkbuf_16 contains 0 device instances.
Circuit contains 0 nets, and 6 disconnected pins.
Contents of circuit 2:  Circuit: 'sky130_fd_sc_hd__clkbuf_16'
Circuit sky130_fd_sc_hd__clkbuf_16 contains 0 device instances.
Circuit contains 0 nets.

Circuit sky130_fd_sc_hd__clkbuf_16 contains no devices.

Contents of circuit 1:  Circuit: 'sky130_fd_sc_hd__a21bo_1'
Circuit sky130_fd_sc_hd__a21bo_1 contains 0 device instances.
Circuit contains 0 nets, and 8 disconnected pins.
Contents of circuit 2:  Circuit: 'sky130_fd_sc_hd__a21bo_1'
Circuit sky130_fd_sc_hd__a21bo_1 contains 0 device instances.
Circuit contains 0 nets.

Circuit sky130_fd_sc_hd__a21bo_1 contains no devices.

Contents of circuit 1:  Circuit: 'sky130_fd_sc_hd__or4b_1'
Circuit sky130_fd_sc_hd__or4b_1 contains 0 device instances.
Circuit contains 0 nets, and 9 disconnected pins.
Contents of circuit 2:  Circuit: 'sky130_fd_sc_hd__or4b_1'
Circuit sky130_fd_sc_hd__or4b_1 contains 0 device instances.
Circuit contains 0 nets.

Circuit sky130_fd_sc_hd__or4b_1 contains no devices.

Contents of circuit 1:  Circuit: 'sky130_fd_sc_hd__dfrtp_2'
Circuit sky130_fd_sc_hd__dfrtp_2 contains 0 device instances.
Circuit contains 0 nets, and 8 disconnected pins.
Contents of circuit 2:  Circuit: 'sky130_fd_sc_hd__dfrtp_2'
Circuit sky130_fd_sc_hd__dfrtp_2 contains 0 device instances.
Circuit contains 0 nets.

Circuit sky130_fd_sc_hd__dfrtp_2 contains no devices.

Contents of circuit 1:  Circuit: 'sky130_fd_sc_hd__or2b_1'
Circuit sky130_fd_sc_hd__or2b_1 contains 0 device instances.
Circuit contains 0 nets, and 7 disconnected pins.
Contents of circuit 2:  Circuit: 'sky130_fd_sc_hd__or2b_1'
Circuit sky130_fd_sc_hd__or2b_1 contains 0 device instances.
Circuit contains 0 nets.

Circuit sky130_fd_sc_hd__or2b_1 contains no devices.

Contents of circuit 1:  Circuit: 'sky130_fd_sc_hd__o221ai_1'
Circuit sky130_fd_sc_hd__o221ai_1 contains 0 device instances.
Circuit contains 0 nets, and 10 disconnected pins.
Contents of circuit 2:  Circuit: 'sky130_fd_sc_hd__o221ai_1'
Circuit sky130_fd_sc_hd__o221ai_1 contains 0 device instances.
Circuit contains 0 nets.

Circuit sky130_fd_sc_hd__o221ai_1 contains no devices.

Contents of circuit 1:  Circuit: 'sky130_fd_sc_hd__dfstp_1'
Circuit sky130_fd_sc_hd__dfstp_1 contains 0 device instances.
Circuit contains 0 nets, and 8 disconnected pins.
Contents of circuit 2:  Circuit: 'sky130_fd_sc_hd__dfstp_1'
Circuit sky130_fd_sc_hd__dfstp_1 contains 0 device instances.
Circuit contains 0 nets.

Circuit sky130_fd_sc_hd__dfstp_1 contains no devices.

Contents of circuit 1:  Circuit: 'sky130_fd_sc_hd__xor2_1'
Circuit sky130_fd_sc_hd__xor2_1 contains 0 device instances.
Circuit contains 0 nets, and 7 disconnected pins.
Contents of circuit 2:  Circuit: 'sky130_fd_sc_hd__xor2_1'
Circuit sky130_fd_sc_hd__xor2_1 contains 0 device instances.
Circuit contains 0 nets.

Circuit sky130_fd_sc_hd__xor2_1 contains no devices.

Contents of circuit 1:  Circuit: 'sky130_fd_sc_hd__a21o_1'
Circuit sky130_fd_sc_hd__a21o_1 contains 0 device instances.
Circuit contains 0 nets, and 8 disconnected pins.
Contents of circuit 2:  Circuit: 'sky130_fd_sc_hd__a21o_1'
Circuit sky130_fd_sc_hd__a21o_1 contains 0 device instances.
Circuit contains 0 nets.

Circuit sky130_fd_sc_hd__a21o_1 contains no devices.

Contents of circuit 1:  Circuit: 'sky130_fd_sc_hd__o32a_1'
Circuit sky130_fd_sc_hd__o32a_1 contains 0 device instances.
Circuit contains 0 nets, and 10 disconnected pins.
Contents of circuit 2:  Circuit: 'sky130_fd_sc_hd__o32a_1'
Circuit sky130_fd_sc_hd__o32a_1 contains 0 device instances.
Circuit contains 0 nets.

Circuit sky130_fd_sc_hd__o32a_1 contains no devices.

Contents of circuit 1:  Circuit: 'sky130_fd_sc_hd__xnor2_1'
Circuit sky130_fd_sc_hd__xnor2_1 contains 0 device instances.
Circuit contains 0 nets, and 7 disconnected pins.
Contents of circuit 2:  Circuit: 'sky130_fd_sc_hd__xnor2_1'
Circuit sky130_fd_sc_hd__xnor2_1 contains 0 device instances.
Circuit contains 0 nets.

Circuit sky130_fd_sc_hd__xnor2_1 contains no devices.

Contents of circuit 1:  Circuit: 'sky130_fd_sc_hd__a31o_1'
Circuit sky130_fd_sc_hd__a31o_1 contains 0 device instances.
Circuit contains 0 nets, and 9 disconnected pins.
Contents of circuit 2:  Circuit: 'sky130_fd_sc_hd__a31o_1'
Circuit sky130_fd_sc_hd__a31o_1 contains 0 device instances.
Circuit contains 0 nets.

Circuit sky130_fd_sc_hd__a31o_1 contains no devices.

Contents of circuit 1:  Circuit: 'sky130_fd_sc_hd__nand2_4'
Circuit sky130_fd_sc_hd__nand2_4 contains 0 device instances.
Circuit contains 0 nets, and 7 disconnected pins.
Contents of circuit 2:  Circuit: 'sky130_fd_sc_hd__nand2_4'
Circuit sky130_fd_sc_hd__nand2_4 contains 0 device instances.
Circuit contains 0 nets.

Circuit sky130_fd_sc_hd__nand2_4 contains no devices.

Contents of circuit 1:  Circuit: 'sky130_fd_sc_hd__o211a_1'
Circuit sky130_fd_sc_hd__o211a_1 contains 0 device instances.
Circuit contains 0 nets, and 9 disconnected pins.
Contents of circuit 2:  Circuit: 'sky130_fd_sc_hd__o211a_1'
Circuit sky130_fd_sc_hd__o211a_1 contains 0 device instances.
Circuit contains 0 nets.

Circuit sky130_fd_sc_hd__o211a_1 contains no devices.

Contents of circuit 1:  Circuit: 'sky130_fd_sc_hd__buf_1'
Circuit sky130_fd_sc_hd__buf_1 contains 0 device instances.
Circuit contains 0 nets, and 6 disconnected pins.
Contents of circuit 2:  Circuit: 'sky130_fd_sc_hd__buf_1'
Circuit sky130_fd_sc_hd__buf_1 contains 0 device instances.
Circuit contains 0 nets.

Circuit sky130_fd_sc_hd__buf_1 contains no devices.

Contents of circuit 1:  Circuit: 'sky130_fd_sc_hd__a211o_1'
Circuit sky130_fd_sc_hd__a211o_1 contains 0 device instances.
Circuit contains 0 nets, and 9 disconnected pins.
Contents of circuit 2:  Circuit: 'sky130_fd_sc_hd__a211o_1'
Circuit sky130_fd_sc_hd__a211o_1 contains 0 device instances.
Circuit contains 0 nets.

Circuit sky130_fd_sc_hd__a211o_1 contains no devices.

Contents of circuit 1:  Circuit: 'sky130_fd_sc_hd__o31a_1'
Circuit sky130_fd_sc_hd__o31a_1 contains 0 device instances.
Circuit contains 0 nets, and 9 disconnected pins.
Contents of circuit 2:  Circuit: 'sky130_fd_sc_hd__o31a_1'
Circuit sky130_fd_sc_hd__o31a_1 contains 0 device instances.
Circuit contains 0 nets.

Circuit sky130_fd_sc_hd__o31a_1 contains no devices.

Contents of circuit 1:  Circuit: 'sky130_fd_sc_hd__o31ai_1'
Circuit sky130_fd_sc_hd__o31ai_1 contains 0 device instances.
Circuit contains 0 nets, and 9 disconnected pins.
Contents of circuit 2:  Circuit: 'sky130_fd_sc_hd__o31ai_1'
Circuit sky130_fd_sc_hd__o31ai_1 contains 0 device instances.
Circuit contains 0 nets.

Circuit sky130_fd_sc_hd__o31ai_1 contains no devices.

Contents of circuit 1:  Circuit: 'sky130_fd_sc_hd__nand2_2'
Circuit sky130_fd_sc_hd__nand2_2 contains 0 device instances.
Circuit contains 0 nets, and 7 disconnected pins.
Contents of circuit 2:  Circuit: 'sky130_fd_sc_hd__nand2_2'
Circuit sky130_fd_sc_hd__nand2_2 contains 0 device instances.
Circuit contains 0 nets.

Circuit sky130_fd_sc_hd__nand2_2 contains no devices.

Contents of circuit 1:  Circuit: 'sky130_fd_sc_hd__and3_2'
Circuit sky130_fd_sc_hd__and3_2 contains 0 device instances.
Circuit contains 0 nets, and 8 disconnected pins.
Contents of circuit 2:  Circuit: 'sky130_fd_sc_hd__and3_2'
Circuit sky130_fd_sc_hd__and3_2 contains 0 device instances.
Circuit contains 0 nets.

Circuit sky130_fd_sc_hd__and3_2 contains no devices.

Contents of circuit 1:  Circuit: 'sky130_fd_sc_hd__dlygate4sd3_1'
Circuit sky130_fd_sc_hd__dlygate4sd3_1 contains 0 device instances.
Circuit contains 0 nets, and 6 disconnected pins.
Contents of circuit 2:  Circuit: 'sky130_fd_sc_hd__dlygate4sd3_1'
Circuit sky130_fd_sc_hd__dlygate4sd3_1 contains 0 device instances.
Circuit contains 0 nets.

Circuit sky130_fd_sc_hd__dlygate4sd3_1 contains no devices.

Contents of circuit 1:  Circuit: 'sky130_fd_sc_hd__and2_1'
Circuit sky130_fd_sc_hd__and2_1 contains 0 device instances.
Circuit contains 0 nets, and 7 disconnected pins.
Contents of circuit 2:  Circuit: 'sky130_fd_sc_hd__and2_1'
Circuit sky130_fd_sc_hd__and2_1 contains 0 device instances.
Circuit contains 0 nets.

Circuit sky130_fd_sc_hd__and2_1 contains no devices.

Contents of circuit 1:  Circuit: 'sky130_fd_sc_hd__and3_1'
Circuit sky130_fd_sc_hd__and3_1 contains 0 device instances.
Circuit contains 0 nets, and 8 disconnected pins.
Contents of circuit 2:  Circuit: 'sky130_fd_sc_hd__and3_1'
Circuit sky130_fd_sc_hd__and3_1 contains 0 device instances.
Circuit contains 0 nets.

Circuit sky130_fd_sc_hd__and3_1 contains no devices.

Contents of circuit 1:  Circuit: 'sky130_fd_sc_hd__or3_1'
Circuit sky130_fd_sc_hd__or3_1 contains 0 device instances.
Circuit contains 0 nets, and 8 disconnected pins.
Contents of circuit 2:  Circuit: 'sky130_fd_sc_hd__or3_1'
Circuit sky130_fd_sc_hd__or3_1 contains 0 device instances.
Circuit contains 0 nets.

Circuit sky130_fd_sc_hd__or3_1 contains no devices.

Contents of circuit 1:  Circuit: 'sky130_fd_sc_hd__or3_2'
Circuit sky130_fd_sc_hd__or3_2 contains 0 device instances.
Circuit contains 0 nets, and 8 disconnected pins.
Contents of circuit 2:  Circuit: 'sky130_fd_sc_hd__or3_2'
Circuit sky130_fd_sc_hd__or3_2 contains 0 device instances.
Circuit contains 0 nets.

Circuit sky130_fd_sc_hd__or3_2 contains no devices.

Contents of circuit 1:  Circuit: 'sky130_fd_sc_hd__o21a_1'
Circuit sky130_fd_sc_hd__o21a_1 contains 0 device instances.
Circuit contains 0 nets, and 8 disconnected pins.
Contents of circuit 2:  Circuit: 'sky130_fd_sc_hd__o21a_1'
Circuit sky130_fd_sc_hd__o21a_1 contains 0 device instances.
Circuit contains 0 nets.

Circuit sky130_fd_sc_hd__o21a_1 contains no devices.

Contents of circuit 1:  Circuit: 'sky130_fd_sc_hd__or3b_1'
Circuit sky130_fd_sc_hd__or3b_1 contains 0 device instances.
Circuit contains 0 nets, and 8 disconnected pins.
Contents of circuit 2:  Circuit: 'sky130_fd_sc_hd__or3b_1'
Circuit sky130_fd_sc_hd__or3b_1 contains 0 device instances.
Circuit contains 0 nets.

Circuit sky130_fd_sc_hd__or3b_1 contains no devices.

Contents of circuit 1:  Circuit: 'sky130_fd_sc_hd__or4_1'
Circuit sky130_fd_sc_hd__or4_1 contains 0 device instances.
Circuit contains 0 nets, and 9 disconnected pins.
Contents of circuit 2:  Circuit: 'sky130_fd_sc_hd__or4_1'
Circuit sky130_fd_sc_hd__or4_1 contains 0 device instances.
Circuit contains 0 nets.

Circuit sky130_fd_sc_hd__or4_1 contains no devices.

Contents of circuit 1:  Circuit: 'sky130_fd_sc_hd__nand3_1'
Circuit sky130_fd_sc_hd__nand3_1 contains 0 device instances.
Circuit contains 0 nets, and 8 disconnected pins.
Contents of circuit 2:  Circuit: 'sky130_fd_sc_hd__nand3_1'
Circuit sky130_fd_sc_hd__nand3_1 contains 0 device instances.
Circuit contains 0 nets.

Circuit sky130_fd_sc_hd__nand3_1 contains no devices.

Contents of circuit 1:  Circuit: 'housekeeping_spi'
Circuit housekeeping_spi contains 990 device instances.
  Class: sky130_fd_sc_hd__a41o_1 instances:   2
  Class: sky130_fd_sc_hd__a31o_1 instances:   8
  Class: sky130_fd_sc_hd__a21o_1 instances:   2
  Class: sky130_fd_sc_hd__clkbuf_16 instances:   8
  Class: sky130_fd_sc_hd__o31ai_1 instances:   1
  Class: sky130_fd_sc_hd__or4_1 instances:   1
  Class: sky130_fd_sc_hd__a31oi_1 instances:   2
  Class: sky130_fd_sc_hd__buf_1 instances:   3
  Class: sky130_fd_sc_hd__buf_2 instances:  10
  Class: sky130_fd_sc_hd__buf_6 instances:   1
  Class: sky130_fd_sc_hd__a2bb2o_1 instances:   3
  Class: sky130_fd_sc_hd__xor2_1 instances:   1
  Class: sky130_fd_sc_hd__o221ai_1 instances:   1
  Class: sky130_fd_sc_hd__dfstp_1 instances:   1
  Class: sky130_fd_sc_hd__dfstp_2 instances:   1
  Class: sky130_ef_sc_hd__decap_12 instances: 126
  Class: sky130_fd_sc_hd__dfrtp_1 instances:  31
  Class: sky130_fd_sc_hd__dfrtp_2 instances:   4
  Class: sky130_fd_sc_hd__dfrtp_4 instances:   8
  Class: sky130_fd_sc_hd__and4_1 instances:   2
  Class: sky130_fd_sc_hd__inv_2 instances:  19
  Class: sky130_fd_sc_hd__clkbuf_1 instances:  41
  Class: sky130_fd_sc_hd__clkbuf_2 instances:   1
  Class: sky130_fd_sc_hd__clkbuf_4 instances:  33
  Class: sky130_fd_sc_hd__or3_1 instances:   1
  Class: sky130_fd_sc_hd__or3_2 instances:   1
  Class: sky130_fd_sc_hd__nand3_1 instances:   1
  Class: sky130_fd_sc_hd__a21bo_1 instances:   3
  Class: sky130_fd_sc_hd__and3_1 instances:   1
  Class: sky130_fd_sc_hd__and3_2 instances:   1
  Class: sky130_fd_sc_hd__decap_3 instances:  92
  Class: sky130_fd_sc_hd__decap_4 instances:  46
  Class: sky130_fd_sc_hd__decap_6 instances:  63
  Class: sky130_fd_sc_hd__decap_8 instances:  65
  Class: sky130_fd_sc_hd__dlygate4sd3_1 instances:   5
  Class: sky130_fd_sc_hd__or2_1 instances:   4
  Class: sky130_fd_sc_hd__nand2_1 instances:   5
  Class: sky130_fd_sc_hd__nand2_2 instances:   1
  Class: sky130_fd_sc_hd__nand2_4 instances:   1
  Class: sky130_fd_sc_hd__mux2_1 instances:  38
  Class: sky130_fd_sc_hd__and2_1 instances:   1
  Class: sky130_fd_sc_hd__or4b_1 instances:   1
  Class: sky130_fd_sc_hd__o32a_1 instances:   1
  Class: sky130_fd_sc_hd__xnor2_1 instances:   3
  Class: sky130_fd_sc_hd__nor3b_2 instances:   1
  Class: sky130_fd_sc_hd__o211a_1 instances:   2
  Class: sky130_fd_sc_hd__nand2b_2 instances:   1
  Class: sky130_fd_sc_hd__a211o_1 instances:   1
  Class: sky130_fd_sc_hd__o2111a_1 instances:   1
  Class: sky130_fd_sc_hd__or3b_1 instances:   1
  Class: sky130_fd_sc_hd__a32o_1 instances:   2
  Class: sky130_fd_sc_hd__a22o_1 instances:   5
  Class: sky130_fd_sc_hd__o31a_1 instances:   2
  Class: sky130_fd_sc_hd__o21a_1 instances:   1
  Class: sky130_fd_sc_hd__o21a_4 instances:   1
  Class: sky130_fd_sc_hd__o311a_1 instances:   1
  Class: sky130_fd_sc_hd__o21ai_1 instances:   4
  Class: sky130_fd_sc_hd__tapvpwrvgnd_1 instances:  99
  Class: sky130_fd_sc_hd__a21oi_1 instances:   4
  Class: sky130_fd_sc_hd__fill_1 instances: 117
  Class: sky130_fd_sc_hd__fill_2 instances:  53
  Class: sky130_fd_sc_hd__or2b_1 instances:   1
  Class: sky130_fd_sc_hd__nor2_1 instances:  49
Circuit contains 343 nets.
Contents of circuit 2:  Circuit: 'housekeeping_spi'
Circuit housekeeping_spi contains 990 device instances.
  Class: sky130_fd_sc_hd__a41o_1 instances:   2
  Class: sky130_fd_sc_hd__a31o_1 instances:   8
  Class: sky130_fd_sc_hd__a21o_1 instances:   2
  Class: sky130_fd_sc_hd__clkbuf_16 instances:   8
  Class: sky130_fd_sc_hd__o31ai_1 instances:   1
  Class: sky130_fd_sc_hd__or4_1 instances:   1
  Class: sky130_fd_sc_hd__a31oi_1 instances:   2
  Class: sky130_fd_sc_hd__buf_1 instances:   3
  Class: sky130_fd_sc_hd__buf_2 instances:  10
  Class: sky130_fd_sc_hd__buf_6 instances:   1
  Class: sky130_fd_sc_hd__a2bb2o_1 instances:   3
  Class: sky130_fd_sc_hd__xor2_1 instances:   1
  Class: sky130_fd_sc_hd__o221ai_1 instances:   1
  Class: sky130_fd_sc_hd__dfstp_1 instances:   1
  Class: sky130_fd_sc_hd__dfstp_2 instances:   1
  Class: sky130_ef_sc_hd__decap_12 instances: 126
  Class: sky130_fd_sc_hd__dfrtp_1 instances:  31
  Class: sky130_fd_sc_hd__dfrtp_2 instances:   4
  Class: sky130_fd_sc_hd__dfrtp_4 instances:   8
  Class: sky130_fd_sc_hd__and4_1 instances:   2
  Class: sky130_fd_sc_hd__inv_2 instances:  19
  Class: sky130_fd_sc_hd__clkbuf_1 instances:  41
  Class: sky130_fd_sc_hd__clkbuf_2 instances:   1
  Class: sky130_fd_sc_hd__clkbuf_4 instances:  33
  Class: sky130_fd_sc_hd__or3_1 instances:   1
  Class: sky130_fd_sc_hd__or3_2 instances:   1
  Class: sky130_fd_sc_hd__nand3_1 instances:   1
  Class: sky130_fd_sc_hd__a21bo_1 instances:   3
  Class: sky130_fd_sc_hd__and3_1 instances:   1
  Class: sky130_fd_sc_hd__and3_2 instances:   1
  Class: sky130_fd_sc_hd__decap_3 instances:  92
  Class: sky130_fd_sc_hd__decap_4 instances:  46
  Class: sky130_fd_sc_hd__decap_6 instances:  63
  Class: sky130_fd_sc_hd__decap_8 instances:  65
  Class: sky130_fd_sc_hd__dlygate4sd3_1 instances:   5
  Class: sky130_fd_sc_hd__or2_1 instances:   4
  Class: sky130_fd_sc_hd__nand2_1 instances:   5
  Class: sky130_fd_sc_hd__nand2_2 instances:   1
  Class: sky130_fd_sc_hd__nand2_4 instances:   1
  Class: sky130_fd_sc_hd__mux2_1 instances:  38
  Class: sky130_fd_sc_hd__and2_1 instances:   1
  Class: sky130_fd_sc_hd__or4b_1 instances:   1
  Class: sky130_fd_sc_hd__o32a_1 instances:   1
  Class: sky130_fd_sc_hd__xnor2_1 instances:   3
  Class: sky130_fd_sc_hd__nor3b_2 instances:   1
  Class: sky130_fd_sc_hd__o211a_1 instances:   2
  Class: sky130_fd_sc_hd__nand2b_2 instances:   1
  Class: sky130_fd_sc_hd__a211o_1 instances:   1
  Class: sky130_fd_sc_hd__o2111a_1 instances:   1
  Class: sky130_fd_sc_hd__or3b_1 instances:   1
  Class: sky130_fd_sc_hd__a32o_1 instances:   2
  Class: sky130_fd_sc_hd__a22o_1 instances:   5
  Class: sky130_fd_sc_hd__o31a_1 instances:   2
  Class: sky130_fd_sc_hd__o21a_1 instances:   1
  Class: sky130_fd_sc_hd__o21a_4 instances:   1
  Class: sky130_fd_sc_hd__o311a_1 instances:   1
  Class: sky130_fd_sc_hd__o21ai_1 instances:   4
  Class: sky130_fd_sc_hd__tapvpwrvgnd_1 instances:  99
  Class: sky130_fd_sc_hd__a21oi_1 instances:   4
  Class: sky130_fd_sc_hd__fill_1 instances: 117
  Class: sky130_fd_sc_hd__fill_2 instances:  53
  Class: sky130_fd_sc_hd__or2b_1 instances:   1
  Class: sky130_fd_sc_hd__nor2_1 instances:  49
Circuit contains 343 nets.

Circuit was modified by parallel/series device merging.
New circuit summary:

Contents of circuit 1:  Circuit: 'housekeeping_spi'
Circuit housekeeping_spi contains 337 device instances.
  Class: sky130_fd_sc_hd__a41o_1 instances:   2
  Class: sky130_fd_sc_hd__a31o_1 instances:   8
  Class: sky130_fd_sc_hd__a21o_1 instances:   2
  Class: sky130_fd_sc_hd__clkbuf_16 instances:   8
  Class: sky130_fd_sc_hd__o31ai_1 instances:   1
  Class: sky130_fd_sc_hd__or4_1 instances:   1
  Class: sky130_fd_sc_hd__a31oi_1 instances:   2
  Class: sky130_fd_sc_hd__buf_1 instances:   3
  Class: sky130_fd_sc_hd__buf_2 instances:  10
  Class: sky130_fd_sc_hd__buf_6 instances:   1
  Class: sky130_fd_sc_hd__a2bb2o_1 instances:   3
  Class: sky130_fd_sc_hd__xor2_1 instances:   1
  Class: sky130_fd_sc_hd__o221ai_1 instances:   1
  Class: sky130_fd_sc_hd__dfstp_1 instances:   1
  Class: sky130_fd_sc_hd__dfstp_2 instances:   1
  Class: sky130_ef_sc_hd__decap_12 instances:   1
  Class: sky130_fd_sc_hd__dfrtp_1 instances:  31
  Class: sky130_fd_sc_hd__dfrtp_2 instances:   4
  Class: sky130_fd_sc_hd__dfrtp_4 instances:   8
  Class: sky130_fd_sc_hd__and4_1 instances:   2
  Class: sky130_fd_sc_hd__inv_2 instances:  19
  Class: sky130_fd_sc_hd__clkbuf_1 instances:  41
  Class: sky130_fd_sc_hd__clkbuf_2 instances:   1
  Class: sky130_fd_sc_hd__clkbuf_4 instances:  33
  Class: sky130_fd_sc_hd__or3_1 instances:   1
  Class: sky130_fd_sc_hd__or3_2 instances:   1
  Class: sky130_fd_sc_hd__nand3_1 instances:   1
  Class: sky130_fd_sc_hd__a21bo_1 instances:   3
  Class: sky130_fd_sc_hd__and3_1 instances:   1
  Class: sky130_fd_sc_hd__and3_2 instances:   1
  Class: sky130_fd_sc_hd__decap_3 instances:   1
  Class: sky130_fd_sc_hd__decap_4 instances:   1
  Class: sky130_fd_sc_hd__decap_6 instances:   1
  Class: sky130_fd_sc_hd__decap_8 instances:   1
  Class: sky130_fd_sc_hd__dlygate4sd3_1 instances:   5
  Class: sky130_fd_sc_hd__or2_1 instances:   4
  Class: sky130_fd_sc_hd__nand2_1 instances:   5
  Class: sky130_fd_sc_hd__nand2_2 instances:   1
  Class: sky130_fd_sc_hd__nand2_4 instances:   1
  Class: sky130_fd_sc_hd__mux2_1 instances:  38
  Class: sky130_fd_sc_hd__and2_1 instances:   1
  Class: sky130_fd_sc_hd__or4b_1 instances:   1
  Class: sky130_fd_sc_hd__o32a_1 instances:   1
  Class: sky130_fd_sc_hd__xnor2_1 instances:   3
  Class: sky130_fd_sc_hd__nor3b_2 instances:   1
  Class: sky130_fd_sc_hd__o211a_1 instances:   2
  Class: sky130_fd_sc_hd__nand2b_2 instances:   1
  Class: sky130_fd_sc_hd__a211o_1 instances:   1
  Class: sky130_fd_sc_hd__o2111a_1 instances:   1
  Class: sky130_fd_sc_hd__or3b_1 instances:   1
  Class: sky130_fd_sc_hd__a32o_1 instances:   2
  Class: sky130_fd_sc_hd__a22o_1 instances:   5
  Class: sky130_fd_sc_hd__o31a_1 instances:   2
  Class: sky130_fd_sc_hd__o21a_1 instances:   1
  Class: sky130_fd_sc_hd__o21a_4 instances:   1
  Class: sky130_fd_sc_hd__o311a_1 instances:   1
  Class: sky130_fd_sc_hd__o21ai_1 instances:   4
  Class: sky130_fd_sc_hd__tapvpwrvgnd_1 instances:   1
  Class: sky130_fd_sc_hd__a21oi_1 instances:   4
  Class: sky130_fd_sc_hd__fill_1 instances:   1
  Class: sky130_fd_sc_hd__fill_2 instances:   1
  Class: sky130_fd_sc_hd__or2b_1 instances:   1
  Class: sky130_fd_sc_hd__nor2_1 instances:  49
Circuit contains 343 nets.
Contents of circuit 2:  Circuit: 'housekeeping_spi'
Circuit housekeeping_spi contains 337 device instances.
  Class: sky130_fd_sc_hd__a41o_1 instances:   2
  Class: sky130_fd_sc_hd__a31o_1 instances:   8
  Class: sky130_fd_sc_hd__a21o_1 instances:   2
  Class: sky130_fd_sc_hd__clkbuf_16 instances:   8
  Class: sky130_fd_sc_hd__o31ai_1 instances:   1
  Class: sky130_fd_sc_hd__or4_1 instances:   1
  Class: sky130_fd_sc_hd__a31oi_1 instances:   2
  Class: sky130_fd_sc_hd__buf_1 instances:   3
  Class: sky130_fd_sc_hd__buf_2 instances:  10
  Class: sky130_fd_sc_hd__buf_6 instances:   1
  Class: sky130_fd_sc_hd__a2bb2o_1 instances:   3
  Class: sky130_fd_sc_hd__xor2_1 instances:   1
  Class: sky130_fd_sc_hd__o221ai_1 instances:   1
  Class: sky130_fd_sc_hd__dfstp_1 instances:   1
  Class: sky130_fd_sc_hd__dfstp_2 instances:   1
  Class: sky130_ef_sc_hd__decap_12 instances:   1
  Class: sky130_fd_sc_hd__dfrtp_1 instances:  31
  Class: sky130_fd_sc_hd__dfrtp_2 instances:   4
  Class: sky130_fd_sc_hd__dfrtp_4 instances:   8
  Class: sky130_fd_sc_hd__and4_1 instances:   2
  Class: sky130_fd_sc_hd__inv_2 instances:  19
  Class: sky130_fd_sc_hd__clkbuf_1 instances:  41
  Class: sky130_fd_sc_hd__clkbuf_2 instances:   1
  Class: sky130_fd_sc_hd__clkbuf_4 instances:  33
  Class: sky130_fd_sc_hd__or3_1 instances:   1
  Class: sky130_fd_sc_hd__or3_2 instances:   1
  Class: sky130_fd_sc_hd__nand3_1 instances:   1
  Class: sky130_fd_sc_hd__a21bo_1 instances:   3
  Class: sky130_fd_sc_hd__and3_1 instances:   1
  Class: sky130_fd_sc_hd__and3_2 instances:   1
  Class: sky130_fd_sc_hd__decap_3 instances:   1
  Class: sky130_fd_sc_hd__decap_4 instances:   1
  Class: sky130_fd_sc_hd__decap_6 instances:   1
  Class: sky130_fd_sc_hd__decap_8 instances:   1
  Class: sky130_fd_sc_hd__dlygate4sd3_1 instances:   5
  Class: sky130_fd_sc_hd__or2_1 instances:   4
  Class: sky130_fd_sc_hd__nand2_1 instances:   5
  Class: sky130_fd_sc_hd__nand2_2 instances:   1
  Class: sky130_fd_sc_hd__nand2_4 instances:   1
  Class: sky130_fd_sc_hd__mux2_1 instances:  38
  Class: sky130_fd_sc_hd__and2_1 instances:   1
  Class: sky130_fd_sc_hd__or4b_1 instances:   1
  Class: sky130_fd_sc_hd__o32a_1 instances:   1
  Class: sky130_fd_sc_hd__xnor2_1 instances:   3
  Class: sky130_fd_sc_hd__nor3b_2 instances:   1
  Class: sky130_fd_sc_hd__o211a_1 instances:   2
  Class: sky130_fd_sc_hd__nand2b_2 instances:   1
  Class: sky130_fd_sc_hd__a211o_1 instances:   1
  Class: sky130_fd_sc_hd__o2111a_1 instances:   1
  Class: sky130_fd_sc_hd__or3b_1 instances:   1
  Class: sky130_fd_sc_hd__a32o_1 instances:   2
  Class: sky130_fd_sc_hd__a22o_1 instances:   5
  Class: sky130_fd_sc_hd__o31a_1 instances:   2
  Class: sky130_fd_sc_hd__o21a_1 instances:   1
  Class: sky130_fd_sc_hd__o21a_4 instances:   1
  Class: sky130_fd_sc_hd__o311a_1 instances:   1
  Class: sky130_fd_sc_hd__o21ai_1 instances:   4
  Class: sky130_fd_sc_hd__tapvpwrvgnd_1 instances:   1
  Class: sky130_fd_sc_hd__a21oi_1 instances:   4
  Class: sky130_fd_sc_hd__fill_1 instances:   1
  Class: sky130_fd_sc_hd__fill_2 instances:   1
  Class: sky130_fd_sc_hd__or2b_1 instances:   1
  Class: sky130_fd_sc_hd__nor2_1 instances:  49
Circuit contains 343 nets.

Circuit 1 contains 337 devices, Circuit 2 contains 337 devices.
Circuit 1 contains 343 nets,    Circuit 2 contains 343 nets.


Final result: 
Circuits match uniquely.
.
Logging to file "/openlane/designs/housekeeping_spi/runs/manual_run/logs/signoff/32-housekeeping_spi.lef.lvs.log" disabled
LVS Done.
