
61. Printing statistics.

=== housekeeping_spi ===

   Number of wires:                269
   Number of wire bits:            290
   Number of public wires:          47
   Number of public wire bits:      68
   Number of memories:               0
   Number of memory bits:            0
   Number of processes:              0
   Number of cells:                278
     sky130_fd_sc_hd__a211o_2        1
     sky130_fd_sc_hd__a21bo_2        3
     sky130_fd_sc_hd__a21o_2         2
     sky130_fd_sc_hd__a21oi_2        4
     sky130_fd_sc_hd__a22o_2         5
     sky130_fd_sc_hd__a2bb2o_2       3
     sky130_fd_sc_hd__a31o_2         8
     sky130_fd_sc_hd__a31oi_2        2
     sky130_fd_sc_hd__a32o_2         2
     sky130_fd_sc_hd__a41o_2         2
     sky130_fd_sc_hd__and2_2         1
     sky130_fd_sc_hd__and3_2         2
     sky130_fd_sc_hd__and4_2         2
     sky130_fd_sc_hd__buf_1         50
     sky130_fd_sc_hd__buf_2          1
     sky130_fd_sc_hd__dfrtp_2       43
     sky130_fd_sc_hd__dfstp_2        2
     sky130_fd_sc_hd__inv_2         19
     sky130_fd_sc_hd__mux2_2        38
     sky130_fd_sc_hd__nand2_2        7
     sky130_fd_sc_hd__nand2b_2       1
     sky130_fd_sc_hd__nand3_2        1
     sky130_fd_sc_hd__nor2_2        49
     sky130_fd_sc_hd__nor3b_2        1
     sky130_fd_sc_hd__o2111a_2       1
     sky130_fd_sc_hd__o211a_2        2
     sky130_fd_sc_hd__o21a_2         2
     sky130_fd_sc_hd__o21ai_2        4
     sky130_fd_sc_hd__o221ai_2       1
     sky130_fd_sc_hd__o311a_2        1
     sky130_fd_sc_hd__o31a_2         2
     sky130_fd_sc_hd__o31ai_2        1
     sky130_fd_sc_hd__o32a_2         1
     sky130_fd_sc_hd__or2_2          4
     sky130_fd_sc_hd__or2b_2         1
     sky130_fd_sc_hd__or3_2          2
     sky130_fd_sc_hd__or3b_2         1
     sky130_fd_sc_hd__or4_2          1
     sky130_fd_sc_hd__or4b_2         1
     sky130_fd_sc_hd__xnor2_2        3
     sky130_fd_sc_hd__xor2_2         1

   Chip area for module '\housekeeping_spi': 2911.542400

